 TaksiDll

 Timestamp is 5204a8cb (Fri Aug 09 16:31:07 2013)

 Preferred load address is 10000000

 Start         Length     Name                   Class
 0001:00000000 00010000H .textbss                DATA
 0002:00000000 0001ab2cH .text                   CODE
 0002:0001ab30 0000162dH .text$x                 CODE
 0002:0001c160 00001654H .text$yc                CODE
 0002:0001d7c0 0000143dH .text$yd                CODE
 0003:00000000 00000104H .CRT$XCA                DATA
 0003:00000104 00000154H .CRT$XCU                DATA
 0003:00000258 00000104H .CRT$XCZ                DATA
 0003:0000035c 00000104H .CRT$XIA                DATA
 0003:00000460 00000104H .CRT$XIAA               DATA
 0003:00000564 00000104H .CRT$XIZ                DATA
 0003:00000670 00005edfH .rdata                  DATA
 0003:00006550 000001a5H .rdata$debug            DATA
 0003:000066f8 000006c1H .rdata$r                DATA
 0003:00006dbc 00000104H .rtc$IAA                DATA
 0003:00006ec0 00000121H .rtc$IMZ                DATA
 0003:00006fe4 00000104H .rtc$IZZ                DATA
 0003:000070e8 00000104H .rtc$TAA                DATA
 0003:000071ec 00000121H .rtc$TMZ                DATA
 0003:00007310 00000104H .rtc$TZZ                DATA
 0003:00007418 0000068bH .xdata$x                DATA
 0003:00007ab0 0000126cH .edata                  DATA
 0004:00000000 00001981H .data                   DATA
 0004:00001988 00000f44H .bss                    DATA
 0005:00000000 00000064H .idata$2                DATA
 0005:00000064 00000014H .idata$3                DATA
 0005:00000078 00000560H .idata$4                DATA
 0005:000005d8 00000560H .idata$5                DATA
 0005:00000b38 00001d0aH .idata$6                DATA
 0006:00000000 00000020H .didat$2                DATA
 0006:00000020 00000020H .didat$3                DATA
 0006:00000040 00000048H .didat$4                DATA
 0006:00000088 00000048H .didat$5                DATA
 0006:000000d0 0000017dH .didat$6                DATA
 0006:00000250 0000011eH .didat$7                DATA
 0007:00000000 00000880H .SHARED                 DATA
 0008:00000000 000001c0H .rsrc$01                DATA
 0008:000001c0 000004b6H .rsrc$02                DATA

  Address         Publics by Value              Rva+Base       Lib:Object

 0000:00000000       __except_list              00000000     <absolute>
 0000:00000000       ___safe_se_handler_count   00000000     <absolute>
 0000:00000000       ___safe_se_handler_table   00000000     <absolute>
 0000:00009876       __fltused                  00009876     <absolute>
 0000:00009876       __ldused                   00009876     <absolute>
 0000:00000000       ___ImageBase               10000000     <linker-defined>
 0001:00000000       __enc$textbss$begin        10001000     <linker-defined>
 0001:00010000       __enc$textbss$end          10011000     <linker-defined>
 0002:000015f0       ?InitFreqUnits@CTaksiFrameRate@@QAE_NXZ 100125f0 f   AVI.obj
 0002:000017a0       ?InitStart@CTaksiFrameRate@@QAEXXZ 100127a0 f i AVI.obj
 0002:00001810       ?CheckFrameWeight@CTaksiFrameRate@@AAEN_J@Z 10012810 f   AVI.obj
 0002:00001a50       ?CheckFrameRate@CTaksiFrameRate@@QAEKXZ 10012a50 f   AVI.obj
 0002:00001c50       ??0CAVIThread@@QAE@XZ      10012c50 f   AVI.obj
 0002:00001e10       ??0CAVIFrame@@QAE@XZ       10012e10 f i AVI.obj
 0002:00001e80       ??0CNTEvent@@QAE@XZ        10012e80 f i AVI.obj
 0002:00001ef0       ??1CNTEvent@@QAE@XZ        10012ef0 f i AVI.obj
 0002:00001f50       ??1CAVIFrame@@QAE@XZ       10012f50 f i AVI.obj
 0002:00001fb0       ??1CAVIThread@@QAE@XZ      10012fb0 f   AVI.obj
 0002:000020f0       ?InitFrameQ@CAVIThread@@QAEXXZ 100130f0 f   AVI.obj
 0002:00002180       ?ThreadRun@CAVIThread@@AAEKXZ 10013180 f   AVI.obj
 0002:00002750       ?ThreadEntryProc@CAVIThread@@CGKPAX@Z 10013750 f   AVI.obj
 0002:000027e0       ?CheckAVIFileReset@CAVIThread@@AAEJXZ 100137e0 f   AVI.obj
 0002:000028e0       ?WaitForAllFrames@CAVIThread@@QAEXXZ 100138e0 f   AVI.obj
 0002:00002a10       ?WaitForNextFrame@CAVIThread@@QAEPAUCAVIFrame@@XZ 10013a10 f   AVI.obj
 0002:00002cd0       ?SignalFrameAdd@CAVIThread@@QAEXPAUCAVIFrame@@K@Z 10013cd0 f   AVI.obj
 0002:00002fa0       ?WriteAVIAudioBlock@CAVIThread@@AAEJPAEK_N@Z 10013fa0 f   AVI.obj
 0002:00003310       ?WriteAVIAudioBlock@CAVIThread@@AAEJXZ 10014310 f   AVI.obj
 0002:00003420       ?AudioInProc@CAVIThread@@CGXPAUHWAVEIN__@@IKKK@Z 10014420 f   AVI.obj
 0002:000034f0       ?OpenAudioInputDevice@CAVIThread@@QAEJIAAVCWaveFormat@@@Z 100144f0 f   AVI.obj
 0002:00003750       ?CloseAudioInputDevice@CAVIThread@@QAEJXZ 10014750 f   AVI.obj
 0002:000038a0       ?WaitAndWriteAVIAudioBlock@CAVIThread@@QAEJXZ 100148a0 f   AVI.obj
 0002:00003930       ?StopAVIThread@CAVIThread@@QAEJXZ 10014930 f   AVI.obj
 0002:00003ad0       ?StartAVIThread@CAVIThread@@QAEJXZ 10014ad0 f   AVI.obj
 0002:00003ce0       _HRESULT_FROM_WIN32        10014ce0 f i AVI.obj
 0002:00003d50       ?CreateEventA@CNTEvent@@QAE_NPAU_SECURITY_ATTRIBUTES@@_N1PBD@Z 10014d50 f i AVI.obj
 0002:00003df0       ?SetEvent@CNTEvent@@QBE_NXZ 10014df0 f i AVI.obj
 0002:00003ea0       ?ResetEvent@CNTEvent@@QBE_NXZ 10014ea0 f i AVI.obj
 0002:00003f50       ??0CTaksiFrameRate@@QAE@XZ 10014f50 f i AVI.obj
 0002:00003fd0       ?Str_MakeFilePath@@YAHPADHPBD1@Z 10014fd0 f   config.obj
 0002:00004050       ?PropGet@CTaksiConfigCustom@@UBEHHPADH@Z 10015050 f   config.obj
 0002:00004240       ?PropSet@CTaksiConfigCustom@@UAE_NHPBD@Z 10015240 f   config.obj
 0002:000044c0       ?strchr@@YAPADPADH@Z       100154c0 f i config.obj
 0002:00004520       ?InitConfig@CTaksiConfigData@@QAEXXZ 10015520 f   config.obj
 0002:00004780       ?CopyConfig@CTaksiConfigData@@QAEXABU1@@Z 10015780 f   config.obj
 0002:00004a20       ?SetHotKey@CTaksiConfigData@@QAE_NW4TAKSI_HOTKEY_TYPE@@G@Z 10015a20 f   config.obj
 0002:00004ab0       ?GetHotKey@CTaksiConfigData@@QBEGW4TAKSI_HOTKEY_TYPE@@@Z 10015ab0 f   config.obj
 0002:00004b10       ?FixCaptureDir@CTaksiConfigData@@QAEJXZ 10015b10 f   config.obj
 0002:00004c80       ?CustomConfig_Alloc@CTaksiConfig@@SAPAUCTaksiConfigCustom@@XZ 10015c80 f   config.obj
 0002:00004d50       ??2@YAPAXIPAX@Z            10015d50 f i config.obj
 0002:00004d90       ?CustomConfig_Delete@CTaksiConfig@@SAXPAUCTaksiConfigCustom@@@Z 10015d90 f   config.obj
 0002:00004e10       ?CustomConfig_FindPattern@CTaksiConfig@@QBEPAUCTaksiConfigCustom@@PBD@Z 10015e10 f   config.obj
 0002:00004eb0       ?CustomConfig_FindAppId@CTaksiConfig@@QBEPAUCTaksiConfigCustom@@PBD@Z 10015eb0 f   config.obj
 0002:00004f50       ?CustomConfig_Lookup@CTaksiConfig@@QAEPAUCTaksiConfigCustom@@PBD_N@Z 10015f50 f   config.obj
 0002:00005030       ?CustomConfig_DeleteAppId@CTaksiConfig@@QAEXPBD@Z 10016030 f   config.obj
 0002:00005120       ??0CTaksiConfig@@QAE@XZ    10016120 f   config.obj
 0002:000051c0       ??1CTaksiConfig@@QAE@XZ    100161c0 f   config.obj
 0002:00005240       ?PropGet@CTaksiConfig@@UBEHHPADH@Z 10016240 f   config.obj
 0002:00005960       __tcsncpy                  10016960 f i config.obj
 0002:000059d0       __tcsstr                   100169d0 f i config.obj
 0002:00005a30       ?PropSet@CTaksiConfig@@UAE_NHPBD@Z 10016a30 f   config.obj
 0002:000060b0       ?ReadIniFile@CTaksiConfig@@QAE_NXZ 100170b0 f   config.obj
 0002:00006570       ?strstr@@YAPADPADPBD@Z     10017570 f i config.obj
 0002:000065d0       ?WriteIniFile@CTaksiConfig@@QAE_NXZ 100175d0 f   config.obj
 0002:00006e30       __tcslwr                   10017e30 f i config.obj
 0002:00006e90       ?_tcschr@@YAPADPADI@Z      10017e90 f i config.obj
 0002:00006ef0       __tcschr                   10017ef0 f i config.obj
 0002:00006f50       ?FILE_IsDirSep@@YA_ND@Z    10017f50 f i config.obj
 0002:00006fc0       ??0CTaksiConfigCustom@@QAE@XZ 10017fc0 f i config.obj
 0002:00007030       ?get_Props@CTaksiConfigCustom@@UBEPAPBDXZ 10018030 f i config.obj
 0002:00007070       ?get_PropQty@CTaksiConfigCustom@@UBEHXZ 10018070 f i config.obj
 0002:000070b0       ?get_Props@CTaksiConfig@@UBEPAPBDXZ 100180b0 f i config.obj
 0002:000070f0       ?get_PropQty@CTaksiConfig@@UBEHXZ 100180f0 f i config.obj
 0002:00007130       ??_H@YGXPAXIHP6EPAX0@Z@Z   10018130 f i GAPI_Base.obj
 0002:000071a0       ?MakeScreenShotGDIP@CTaksiGAPIBase@@CAJPADAAUCVideoFrame@@@Z 100181a0 f   GAPI_Base.obj
 0002:00007520       ?Save@Image@Gdiplus@@QAE?AW4Status@2@PB_WPBU_GUID@@PBVEncoderParameters@2@@Z 10018520 f i GAPI_Base.obj
 0002:00007590       ?SetStatus@Image@Gdiplus@@IBE?AW4Status@2@W432@@Z 10018590 f i GAPI_Base.obj
 0002:000075f0       ?FromBITMAPINFO@Bitmap@Gdiplus@@SAPAV12@PBUtagBITMAPINFO@@PAX@Z 100185f0 f i GAPI_Base.obj
 0002:000076e0       ??3GdiplusBase@Gdiplus@@SAXPAX@Z 100186e0 f i GAPI_Base.obj
 0002:00007730       ??2GdiplusBase@Gdiplus@@SAPAXI@Z 10018730 f i GAPI_Base.obj
 0002:00007780       ??0Bitmap@Gdiplus@@QAE@PBUtagBITMAPINFO@@PAX@Z 10018780 f i GAPI_Base.obj
 0002:000078a0       ??0Image@Gdiplus@@IAE@XZ   100188a0 f i GAPI_Base.obj
 0002:000078f0       ??_GImage@Gdiplus@@UAEPAXI@Z 100188f0 f i GAPI_Base.obj
 0002:000078f0       ??_EImage@Gdiplus@@UAEPAXI@Z 100188f0 f i GAPI_Base.obj
 0002:00007960       ??1Image@Gdiplus@@UAE@XZ   10018960 f i GAPI_Base.obj
 0002:000079c0       ?Clone@Image@Gdiplus@@UAEPAV12@XZ 100189c0 f i GAPI_Base.obj
 0002:00007b20       ??0Image@Gdiplus@@IAE@PAVGpImage@1@W4Status@1@@Z 10018b20 f i GAPI_Base.obj
 0002:00007b90       ?SetNativeImage@Image@Gdiplus@@IAEXPAVGpImage@2@@Z 10018b90 f i GAPI_Base.obj
 0002:00007be0       ??_EBitmap@Gdiplus@@UAEPAXI@Z 10018be0 f i GAPI_Base.obj
 0002:00007be0       ??_GBitmap@Gdiplus@@UAEPAXI@Z 10018be0 f i GAPI_Base.obj
 0002:00007c50       ??1Bitmap@Gdiplus@@UAE@XZ  10018c50 f i GAPI_Base.obj
 0002:00007ca0       ?MakeScreenShot@CTaksiGAPIBase@@AAEJ_N@Z 10018ca0 f   GAPI_Base.obj
 0002:00008040       ?RecordAVI_Reset@CTaksiGAPIBase@@QAEXXZ 10019040 f   GAPI_Base.obj
 0002:000081a0       ?StopAudioRecorder@CAVIThread@@QAEIXZ 100191a0 f i GAPI_Base.obj
 0002:00008210       ?ScheduleHotKey@CTaksiHotKeys@@QAEXW4TAKSI_HOTKEY_TYPE@@@Z 10019210 f i GAPI_Base.obj
 0002:00008270       ?RecordAVI_Start@CTaksiGAPIBase@@AAEJXZ 10019270 f   GAPI_Base.obj
 0002:00008880       ?RecordAVI_Stop@CTaksiGAPIBase@@AAEXXZ 10019880 f   GAPI_Base.obj
 0002:000089a0       ?RecordAVI_Frame@CTaksiGAPIBase@@AAE_NXZ 100199a0 f   GAPI_Base.obj
 0002:00008b40       ?EndOfOverheadTime@CTaksiFrameRate@@QAEXXZ 10019b40 f i GAPI_Base.obj
 0002:00008bc0       ?ProcessHotKey@CTaksiGAPIBase@@AAEXW4TAKSI_HOTKEY_TYPE@@@Z 10019bc0 f   GAPI_Base.obj
 0002:00008d90       ?StartAudioRecorder@CAVIThread@@QAEIXZ 10019d90 f i GAPI_Base.obj
 0002:00008e00       ?PresentFrameBegin@CTaksiGAPIBase@@QAEX_N@Z 10019e00 f   GAPI_Base.obj
 0002:00009290       ?IsProcPrime@CTaksiProcess@@QBE_NXZ 1001a290 f i GAPI_Base.obj
 0002:000092e0       ?IsHookCBT@CTaksiShared@@QBE_NXZ 1001a2e0 f i GAPI_Base.obj
 0002:00009330       ?PresentFrameEnd@CTaksiGAPIBase@@QAEXXZ 1001a330 f   GAPI_Base.obj
 0002:00009460       ?AttachGAPI@CTaksiGAPIBase@@QAEJXZ 1001a460 f   GAPI_Base.obj
 0002:000096a0       ?RestoreDeviceObjects@CTaksiGAPI_DX9@@QAEJXZ 1001a6a0 f   GAPI_dx9.obj
 0002:00009f10       ?InvalidateDeviceObjects@CTaksiGAPI_DX9@@QAEJXZ 1001af10 f   GAPI_dx9.obj
 0002:0000a0c0       ?GetFrameInfo@CTaksiGAPI_DX9@@UAEPAUHWND__@@AAUtagSIZE@@@Z 1001b0c0 f   GAPI_dx9.obj
 0002:0000a440       ?GetFrame@CTaksiGAPI_DX9@@UAEJAAUCVideoFrame@@_N@Z 1001b440 f   GAPI_dx9.obj
 0002:0000bda0       ?DrawIndicator@CTaksiGAPI_DX9@@UAEJW4TAKSI_INDICATE_TYPE@@@Z 1001cda0 f   GAPI_dx9.obj
 0002:0000c110       _DX9_AddRef@4              1001d110 f   GAPI_dx9.obj
 0002:0000c180       _DX9_Release@4             1001d180 f   GAPI_dx9.obj
 0002:0000c3d0       _DX9_Reset@8               1001d3d0 f   GAPI_dx9.obj
 0002:0000c630       _DX9_Present@20            1001d630 f   GAPI_dx9.obj
 0002:0000c940       _DX9_SCPresent@24          1001d940 f   GAPI_dx9.obj
 0002:0000cbc0       ??0CTaksiGAPI_DX9@@QAE@XZ  1001dbc0 f   GAPI_dx9.obj
 0002:0000cd00       ??0CTaksiGAPIBase@@QAE@XZ  1001dd00 f i GAPI_dx9.obj
 0002:0000cd90       ?FreeDll@CTaksiGAPIBase@@UAEXXZ 1001dd90 f i GAPI_dx9.obj
 0002:0000cdf0       ?HookFunctions@CTaksiGAPIBase@@MAEJXZ 1001ddf0 f i GAPI_dx9.obj
 0002:0000ced0       ?UnhookFunctions@CTaksiGAPIBase@@MAEXXZ 1001ded0 f i GAPI_dx9.obj
 0002:0000cf50       ?get_DLLName@CTaksiGAPI_DX9@@UBEPBDXZ 1001df50 f i GAPI_dx9.obj
 0002:0000cf90       ?get_GAPIType@CTaksiGAPI_DX9@@UBE?AW4TAKSI_GAPI_TYPE@@XZ 1001df90 f i GAPI_dx9.obj
 0002:0000cfd0       ??1CTaksiGAPIBase@@QAE@XZ  1001dfd0 f i GAPI_dx9.obj
 0002:0000d030       ??1CTaksiGAPI_DX9@@QAE@XZ  1001e030 f   GAPI_dx9.obj
 0002:0000d090       ?HookFunctions@CTaksiGAPI_DX9@@UAEJXZ 1001e090 f   GAPI_dx9.obj
 0002:0000d340       ?UnhookFunctions@CTaksiGAPI_DX9@@UAEXXZ 1001e340 f   GAPI_dx9.obj
 0002:0000d480       ?FreeDll@CTaksiGAPI_DX9@@UAEXXZ 1001e480 f   GAPI_dx9.obj
 0002:0000d570       ?IsValidRefObj@?$IRefPtr@UIDirect3DVertexBuffer9@@@@QBE_NXZ 1001e570 f i GAPI_dx9.obj
 0002:0000d5e0       ?get_PPtr@?$IRefPtr@UIDirect3DVertexBuffer9@@@@QAEPAPAUIDirect3DVertexBuffer9@@XZ 1001e5e0 f i GAPI_dx9.obj
 0002:0000d660       ?ReleaseRefObj@?$IRefPtr@UIDirect3DVertexBuffer9@@@@QAEHXZ 1001e660 f i GAPI_dx9.obj
 0002:0000d700       ??B?$IRefPtr@UIDirect3DVertexBuffer9@@@@QBEPAUIDirect3DVertexBuffer9@@XZ 1001e700 f i GAPI_dx9.obj
 0002:0000d740       ??C?$IRefPtr@UIDirect3DVertexBuffer9@@@@QBEPAUIDirect3DVertexBuffer9@@XZ 1001e740 f i GAPI_dx9.obj
 0002:0000d7c0       ??8?$IRefPtr@UIDirect3DVertexBuffer9@@@@QBE_NPAUIDirect3DVertexBuffer9@@@Z 1001e7c0 f i GAPI_dx9.obj
 0002:0000d810       ?IsValidRefObj@?$IRefPtr@UIDirect3DStateBlock9@@@@QBE_NXZ 1001e810 f i GAPI_dx9.obj
 0002:0000d880       ?get_PPtr@?$IRefPtr@UIDirect3DStateBlock9@@@@QAEPAPAUIDirect3DStateBlock9@@XZ 1001e880 f i GAPI_dx9.obj
 0002:0000d900       ?ReleaseRefObj@?$IRefPtr@UIDirect3DStateBlock9@@@@QAEHXZ 1001e900 f i GAPI_dx9.obj
 0002:0000d9a0       ??C?$IRefPtr@UIDirect3DStateBlock9@@@@QBEPAUIDirect3DStateBlock9@@XZ 1001e9a0 f i GAPI_dx9.obj
 0002:0000da20       ?get_PPtr@?$IRefPtr@UIDirect3DSurface9@@@@QAEPAPAUIDirect3DSurface9@@XZ 1001ea20 f i GAPI_dx9.obj
 0002:0000daa0       ??B?$IRefPtr@UIDirect3DSurface9@@@@QBEPAUIDirect3DSurface9@@XZ 1001eaa0 f i GAPI_dx9.obj
 0002:0000dae0       ??C?$IRefPtr@UIDirect3DSurface9@@@@QBEPAUIDirect3DSurface9@@XZ 1001eae0 f i GAPI_dx9.obj
 0002:0000db60       ??0?$IRefPtr@UIDirect3DSurface9@@@@QAE@XZ 1001eb60 f i GAPI_dx9.obj
 0002:0000dbb0       ??1?$IRefPtr@UIDirect3DSurface9@@@@QAE@XZ 1001ebb0 f i GAPI_dx9.obj
 0002:0000dc00       ?get_PPtr@?$IRefPtr@UIDirect3DDevice9@@@@QAEPAPAUIDirect3DDevice9@@XZ 1001ec00 f i GAPI_dx9.obj
 0002:0000dc80       ??B?$IRefPtr@UIDirect3DDevice9@@@@QBEPAUIDirect3DDevice9@@XZ 1001ec80 f i GAPI_dx9.obj
 0002:0000dcc0       ??0?$IRefPtr@UIDirect3DDevice9@@@@QAE@XZ 1001ecc0 f i GAPI_dx9.obj
 0002:0000dd10       ??1?$IRefPtr@UIDirect3DDevice9@@@@QAE@XZ 1001ed10 f i GAPI_dx9.obj
 0002:0000dd60       ?AssertIREF@?$IRefPtr@UIDirect3DVertexBuffer9@@@@IBEXPAUIDirect3DVertexBuffer9@@@Z 1001ed60 f i GAPI_dx9.obj
 0002:0000dda0       ?AssertIREF@?$IRefPtr@UIDirect3DStateBlock9@@@@IBEXPAUIDirect3DStateBlock9@@@Z 1001eda0 f i GAPI_dx9.obj
 0002:0000dde0       ?ReleaseRefObj@?$IRefPtr@UIDirect3DSurface9@@@@QAEHXZ 1001ede0 f i GAPI_dx9.obj
 0002:0000de80       ?ReleaseRefObj@?$IRefPtr@UIDirect3DDevice9@@@@QAEHXZ 1001ee80 f i GAPI_dx9.obj
 0002:0000df20       ?AssertIREF@?$IRefPtr@UIDirect3DSurface9@@@@IBEXPAUIDirect3DSurface9@@@Z 1001ef20 f i GAPI_dx9.obj
 0002:0000df60       ?AssertIREF@?$IRefPtr@UIDirect3DDevice9@@@@IBEXPAUIDirect3DDevice9@@@Z 1001ef60 f i GAPI_dx9.obj
 0002:0000dfa0       ??0?$IRefPtr@UIDirect3DVertexBuffer9@@@@QAE@XZ 1001efa0 f i GAPI_dx9.obj
 0002:0000dff0       ??1?$IRefPtr@UIDirect3DVertexBuffer9@@@@QAE@XZ 1001eff0 f i GAPI_dx9.obj
 0002:0000e040       ??0?$IRefPtr@UIDirect3DStateBlock9@@@@QAE@XZ 1001f040 f i GAPI_dx9.obj
 0002:0000e090       ??1?$IRefPtr@UIDirect3DStateBlock9@@@@QAE@XZ 1001f090 f i GAPI_dx9.obj
 0002:0000e0e0       ?IsDesktop@CTaksiGAPI_GDI@@SA_NXZ 1001f0e0 f   GAPI_gdi.obj
 0002:0000e130       ?DrawIndicator@CTaksiGAPI_GDI@@UAEJW4TAKSI_INDICATE_TYPE@@@Z 1001f130 f   GAPI_gdi.obj
 0002:0000e550       ?GetFrameInfo@CTaksiGAPI_GDI@@UAEPAUHWND__@@AAUtagSIZE@@@Z 1001f550 f   GAPI_gdi.obj
 0002:0000e6b0       ?DrawMouse@CTaksiGAPI_GDI@@AAEXPAUHDC__@@_N@Z 1001f6b0 f   GAPI_gdi.obj
 0002:0000e860       ?GetFrame@CTaksiGAPI_GDI@@UAEJAAUCVideoFrame@@_N@Z 1001f860 f   GAPI_gdi.obj
 0002:0000f160       ?OnTick@CTaksiGAPI_GDI@@QAEJPAUHWND__@@IIJ@Z 10020160 f   GAPI_gdi.obj
 0002:0000f330       ?WndProcHook@CTaksiGAPI_GDI@@CGJPAUHWND__@@IIJ@Z 10020330 f   GAPI_gdi.obj
 0002:0000f620       ?HookFunctions@CTaksiGAPI_GDI@@UAEJXZ 10020620 f   GAPI_gdi.obj
 0002:0000fa50       ?UnhookFunctions@CTaksiGAPI_GDI@@UAEXXZ 10020a50 f   GAPI_gdi.obj
 0002:0000fcf0       ?FreeDll@CTaksiGAPI_GDI@@UAEXXZ 10020cf0 f   GAPI_gdi.obj
 0002:0000fd80       ??0CTaksiGAPI_GDI@@QAE@XZ  10020d80 f i GAPI_gdi.obj
 0002:0000fe10       ?get_DLLName@CTaksiGAPI_GDI@@UBEPBDXZ 10020e10 f i GAPI_gdi.obj
 0002:0000fe50       ?get_GAPIType@CTaksiGAPI_GDI@@UBE?AW4TAKSI_GAPI_TYPE@@XZ 10020e50 f i GAPI_gdi.obj
 0002:0000fec0       ??1CTaksiGAPI_GDI@@QAE@XZ  10020ec0 f i GAPI_gdi.obj
 0002:0000ff10       ?DrawIndicator@CTaksiGAPI_OGL@@UAEJW4TAKSI_INDICATE_TYPE@@@Z 10020f10 f   GAPI_ogl.obj
 0002:00010700       ?GetFrameInfo@CTaksiGAPI_OGL@@UAEPAUHWND__@@AAUtagSIZE@@@Z 10021700 f   GAPI_ogl.obj
 0002:00010820       ?GetFrameHalfSize@CTaksiGAPI_OGL@@AAEXAAUCVideoFrame@@@Z 10021820 f   GAPI_ogl.obj
 0002:00010a50       ?SwapColorsRGB@@YAXPAE@Z   10021a50 f i GAPI_ogl.obj
 0002:00010d90       ?GetFrameFullSize@CTaksiGAPI_OGL@@AAEXAAUCVideoFrame@@@Z 10021d90 f   GAPI_ogl.obj
 0002:00010e50       ?GetFrame@CTaksiGAPI_OGL@@UAEJAAUCVideoFrame@@_N@Z 10021e50 f   GAPI_ogl.obj
 0002:00010ed0       _OGL_WglSwapBuffers@4      10021ed0 f   GAPI_ogl.obj
 0002:00010fe0       _OGL_WglDeleteContext@4    10021fe0 f   GAPI_ogl.obj
 0002:000110e0       ?HookFunctions@CTaksiGAPI_OGL@@UAEJXZ 100220e0 f   GAPI_ogl.obj
 0002:00011cd0       ?UnhookFunctions@CTaksiGAPI_OGL@@UAEXXZ 10022cd0 f   GAPI_ogl.obj
 0002:00011d70       ?FreeDll@CTaksiGAPI_OGL@@UAEXXZ 10022d70 f   GAPI_ogl.obj
 0002:00011e80       ??0CTaksiGAPI_OGL@@QAE@XZ  10022e80 f i GAPI_ogl.obj
 0002:00011f80       ?get_DLLName@CTaksiGAPI_OGL@@UBEPBDXZ 10022f80 f i GAPI_ogl.obj
 0002:00011fc0       ?get_GAPIType@CTaksiGAPI_OGL@@UBE?AW4TAKSI_GAPI_TYPE@@XZ 10022fc0 f i GAPI_ogl.obj
 0002:00012000       ??1CTaksiGAPI_OGL@@QAE@XZ  10023000 f i GAPI_ogl.obj
 0002:000120b0       ??0CTaksiDI@@QAE@XZ        100230b0 f   HotKeys.obj
 0002:00012140       ?SetupDirectInput@CTaksiDI@@QAEJXZ 10023140 f   HotKeys.obj
 0002:00012320       ?ProcessDirectInput@CTaksiDI@@QAEXXZ 10023320 f   HotKeys.obj
 0002:00012890       ?CloseDirectInput@CTaksiDI@@QAEXXZ 10023890 f   HotKeys.obj
 0002:00012960       ?InstallHookKeys@CTaksiKeyboard@@QAE_N_N@Z 10023960 f   HotKeys.obj
 0002:00012aa0       ?UninstallHookKeys@CTaksiKeyboard@@QAEXXZ 10023aa0 f   HotKeys.obj
 0002:00012b50       ?DummyKeyboardProc@CTaksiKeyboard@@KGJHIJ@Z 10023b50 f   HotKeys.obj
 0002:00012bc0       ?KeyboardProc@CTaksiKeyboard@@KGJHIJ@Z 10023bc0 f   HotKeys.obj
 0002:00012dc0       ?DoHotKey@CTaksiHotKeys@@QAEXW4TAKSI_HOTKEY_TYPE@@@Z 10023dc0 f   HotKeys.obj
 0002:00012f00       ?AttachHotKeysToApp@CTaksiHotKeys@@QAEJXZ 10023f00 f   HotKeys.obj
 0002:00013060       ?DetachHotKeys@CTaksiHotKeys@@QAEXXZ 10024060 f   HotKeys.obj
 0002:000130d0       ?IsValidRefObj@?$IRefPtr@UIDirectInput8A@@@@QBE_NXZ 100240d0 f i HotKeys.obj
 0002:00013140       ?get_PPtr@?$IRefPtr@UIDirectInput8A@@@@QAEPAPAUIDirectInput8A@@XZ 10024140 f i HotKeys.obj
 0002:000131c0       ?ReleaseRefObj@?$IRefPtr@UIDirectInput8A@@@@QAEHXZ 100241c0 f i HotKeys.obj
 0002:00013260       ??C?$IRefPtr@UIDirectInput8A@@@@QBEPAUIDirectInput8A@@XZ 10024260 f i HotKeys.obj
 0002:000132e0       ?IsValidRefObj@?$IRefPtr@UIDirectInputDevice8A@@@@QBE_NXZ 100242e0 f i HotKeys.obj
 0002:00013350       ?get_PPtr@?$IRefPtr@UIDirectInputDevice8A@@@@QAEPAPAUIDirectInputDevice8A@@XZ 10024350 f i HotKeys.obj
 0002:000133d0       ?ReleaseRefObj@?$IRefPtr@UIDirectInputDevice8A@@@@QAEHXZ 100243d0 f i HotKeys.obj
 0002:00013470       ??C?$IRefPtr@UIDirectInputDevice8A@@@@QBEPAUIDirectInputDevice8A@@XZ 10024470 f i HotKeys.obj
 0002:000134f0       ?AssertIREF@?$IRefPtr@UIDirectInput8A@@@@IBEXPAUIDirectInput8A@@@Z 100244f0 f i HotKeys.obj
 0002:00013530       ?AssertIREF@?$IRefPtr@UIDirectInputDevice8A@@@@IBEXPAUIDirectInputDevice8A@@@Z 10024530 f i HotKeys.obj
 0002:00013570       ??0CTaksiHotKeys@@QAE@XZ   10024570 f i HotKeys.obj
 0002:000135c0       ??0CTaksiKeyboard@@QAE@XZ  100245c0 f i HotKeys.obj
 0002:00013610       ??0?$IRefPtr@UIDirectInput8A@@@@QAE@XZ 10024610 f i HotKeys.obj
 0002:00013660       ??0?$IRefPtr@UIDirectInputDevice8A@@@@QAE@XZ 10024660 f i HotKeys.obj
 0002:000136b0       ??1CTaksiDI@@QAE@XZ        100246b0 f i HotKeys.obj
 0002:00013710       ??1?$IRefPtr@UIDirectInput8A@@@@QAE@XZ 10024710 f i HotKeys.obj
 0002:00013760       ??1?$IRefPtr@UIDirectInputDevice8A@@@@QAE@XZ 10024760 f i HotKeys.obj
 0002:000137b0       ??0CTaksiConfigCustom@@QAE@ABU0@@Z 100247b0 f i TaksiDll.obj
 0002:000138a0       ??4CTaksiConfigCustom@@QAEAAU0@ABU0@@Z 100248a0 f i TaksiDll.obj
 0002:000139d0       ??4CTaksiConfigData@@QAEAAU0@ABU0@@Z 100249d0 f i TaksiDll.obj
 0002:00013a20       ??0CTaksiConfig@@QAE@ABU0@@Z 10024a20 f i TaksiDll.obj
 0002:00013af0       ??4CTaksiConfig@@QAEAAU0@ABU0@@Z 10024af0 f i TaksiDll.obj
 0002:00013bb0       ??0CTaksiLogFile@@QAE@XZ   10024bb0 f i TaksiDll.obj
 0002:00013ca0       ??1CTaksiLogFile@@UAE@XZ   10024ca0 f i TaksiDll.obj
 0002:00013d80       ??0CTaksiLogFile@@QAE@ABU0@@Z 10024d80 f i TaksiDll.obj
 0002:00013e00       ??4CTaksiLogFile@@QAEAAU0@ABU0@@Z 10024e00 f i TaksiDll.obj
 0002:00013e80       ??_GCTaksiLogFile@@UAEPAXI@Z 10024e80 f i TaksiDll.obj
 0002:00013ef0       ??_ECTaksiLogFile@@UAEPAXI@Z 10024ef0 f i TaksiDll.obj
 0002:00013fb0       ?UpdateProcStat@CTaksiProcStats@@QAEXW4TAKSI_PROCSTAT_TYPE@@@Z 10024fb0 f i TaksiDll.obj
 0002:00014060       ?CopyProcStat@CTaksiProcStats@@QAEXABU1@W4TAKSI_PROCSTAT_TYPE@@@Z 10025060 f i TaksiDll.obj
 0002:00014220       ?get_DataRecMeg@CTaksiProcStats@@QBENXZ 10025220 f i TaksiDll.obj
 0002:000142d0       ??4CTaksiProcStats@@QAEAAU0@ABU0@@Z 100252d0 f i TaksiDll.obj
 0002:00014320       ??4CTaksiShared@@QAEAAU0@ABU0@@Z 10025320 f i TaksiDll.obj
 0002:00014370       ?OpenLogFile@CTaksiLogFile@@QAEJPBD@Z 10025370 f   TaksiDll.obj
 0002:00014510       ?CloseLogFile@CTaksiLogFile@@QAEXXZ 10025510 f   TaksiDll.obj
 0002:000145c0       ?EventStr@CTaksiLogFile@@UAEHKW4LOGL_TYPE@@PBD@Z 100255c0 f   TaksiDll.obj
 0002:00014770       ?InitProcStats@CTaksiProcStats@@QAEXXZ 10025770 f   TaksiDll.obj
 0002:00014860       ?ResetProcStats@CTaksiProcStats@@QAEXXZ 10025860 f   TaksiDll.obj
 0002:000148d0       ?CopyProcStats@CTaksiProcStats@@QAEXABU1@@Z 100258d0 f   TaksiDll.obj
 0002:00014950       ?HookCBTProc@CTaksiShared@@SGJHIJ@Z 10025950 f   TaksiDll.obj
 0002:00014a50       ?HookCBT_Install@CTaksiShared@@QAE_NXZ 10025a50 f   TaksiDll.obj
 0002:00014b70       ?HookCBT_Uninstall@CTaksiShared@@QAE_NXZ 10025b70 f   TaksiDll.obj
 0002:00014ca0       ?UpdateMaster@CTaksiShared@@QAEXXZ 10025ca0 f   TaksiDll.obj
 0002:00014d50       ?OnMasterTick@CTaksiShared@@QAEXXZ 10025d50 f   TaksiDll.obj
 0002:00014e70       ?LogMessage@CTaksiShared@@QAEJPBD@Z 10025e70 f   TaksiDll.obj
 0002:000151e0       ?UpdateConfigCustom@CTaksiShared@@QAEXXZ 100261e0 f   TaksiDll.obj
 0002:00015270       ?SendReHookMessage@CTaksiShared@@QAEXXZ 10026270 f   TaksiDll.obj
 0002:00015350       ?HotKey_ConfigOpen@CTaksiShared@@QAEXXZ 10026350 f   TaksiDll.obj
 0002:00015400       ?HotKey_IndicatorToggle@CTaksiShared@@QAEXXZ 10026400 f   TaksiDll.obj
 0002:00015470       ?HotKey_HookModeToggle@CTaksiShared@@QAEXXZ 10026470 f   TaksiDll.obj
 0002:00015590       ?InitMasterWnd@CTaksiShared@@QAE_NPAUHWND__@@@Z 10026590 f   TaksiDll.obj
 0002:00015640       ?DestroyShared@CTaksiShared@@QAEXXZ 10026640 f   TaksiDll.obj
 0002:000156c0       ?InitShared@CTaksiShared@@QAE_NXZ 100266c0 f   TaksiDll.obj
 0002:00015920       ?UpdateStat@CTaksiProcess@@QAEXW4TAKSI_PROCSTAT_TYPE@@@Z 10026920 f   TaksiDll.obj
 0002:000159e0       ?MakeFileName@CTaksiProcess@@QAEHPADPBD@Z 100269e0 f   TaksiDll.obj
 0002:00015b20       ?CheckProcessMaster@CTaksiProcess@@QBE_NXZ 10026b20 f   TaksiDll.obj
 0002:00015ba0       ?CheckProcessIgnored@CTaksiProcess@@QBE_NXZ 10026ba0 f   TaksiDll.obj
 0002:00015ce0       ?CheckProcessCustom@CTaksiProcess@@QAEXXZ 10026ce0 f   TaksiDll.obj
 0002:000161b0       ?StartGAPI@CTaksiProcess@@QAE_NW4TAKSI_GAPI_TYPE@@@Z 100271b0 f   TaksiDll.obj
 0002:00016300       ?AttachGAPIs@CTaksiProcess@@QAEJPAUHWND__@@@Z 10027300 f   TaksiDll.obj
 0002:00016450       ?StopGAPIs@CTaksiProcess@@QAEXXZ 10027450 f   TaksiDll.obj
 0002:00016500       ?DetachGAPIs@CTaksiProcess@@QAEXXZ 10027500 f   TaksiDll.obj
 0002:000165d0       ?OnDllProcessAttach@CTaksiProcess@@QAE_NXZ 100275d0 f   TaksiDll.obj
 0002:00016b50       ?OnDllProcessDetach@CTaksiProcess@@QAE_NXZ 10027b50 f   TaksiDll.obj
 0002:00016c80       _DllMain@12                10027c80 f   TaksiDll.obj
 0002:00016d40       ??0CTaksiProcess@@QAE@XZ   10027d40 f i TaksiDll.obj
 0002:00016df1       __imp_load__GdipSaveImageToFile@16 10027df1     gdiplus:gdiplus.dll
 0002:00016dfd       __tailMerge_gdiplus_dll    10027dfd     gdiplus:gdiplus.dll
 0002:00016e12       _GdipSaveImageToFile@16    10027e12 f   gdiplus:gdiplus.dll
 0002:00016e18       __imp_load__GdipFree@4     10027e18     gdiplus:gdiplus.dll
 0002:00016e24       _GdipFree@4                10027e24 f   gdiplus:gdiplus.dll
 0002:00016e2a       __imp_load__GdipAlloc@4    10027e2a     gdiplus:gdiplus.dll
 0002:00016e36       _GdipAlloc@4               10027e36 f   gdiplus:gdiplus.dll
 0002:00016e3c       __imp_load__GdipCreateBitmapFromGdiDib@12 10027e3c     gdiplus:gdiplus.dll
 0002:00016e48       _GdipCreateBitmapFromGdiDib@12 10027e48 f   gdiplus:gdiplus.dll
 0002:00016e4e       __imp_load__GdipDisposeImage@4 10027e4e     gdiplus:gdiplus.dll
 0002:00016e5a       _GdipDisposeImage@4        10027e5a f   gdiplus:gdiplus.dll
 0002:00016e60       __imp_load__GdipCloneImage@8 10027e60     gdiplus:gdiplus.dll
 0002:00016e6c       _GdipCloneImage@8          10027e6c f   gdiplus:gdiplus.dll
 0002:00016e72       _HRESULT_FROM_WIN32@4      10027e72 f i delayimp:delayhlp.obj
 0002:00016f0f       ?IndexFromPImgThunkData@@YGIPBU_IMAGE_THUNK_DATA32@@0@Z 10027f0f f i delayimp:delayhlp.obj
 0002:00016f25       ?CountOfImports@@YGIPBU_IMAGE_THUNK_DATA32@@@Z 10027f25 f i delayimp:delayhlp.obj
 0002:00016f46       ??2ULI@@SGPAXI@Z           10027f46 f i delayimp:delayhlp.obj
 0002:00016f5f       ??3ULI@@SGXPAX@Z           10027f5f f i delayimp:delayhlp.obj
 0002:00016f6e       ?Unlink@ULI@@QAEXXZ        10027f6e f i delayimp:delayhlp.obj
 0002:00016f9b       ?Link@ULI@@QAEXXZ          10027f9b f i delayimp:delayhlp.obj
 0002:00017003       ??$PFromRva@PBD@@YGPBDK@Z  10028003 f i delayimp:delayhlp.obj
 0002:00017019       ??$PFromRva@PAPAUHINSTANCE__@@@@YGPAPAUHINSTANCE__@@K@Z 10028019 f i delayimp:delayhlp.obj
 0002:0001702f       ??$PFromRva@PAU_IMAGE_THUNK_DATA32@@@@YGPAU_IMAGE_THUNK_DATA32@@K@Z 1002802f f i delayimp:delayhlp.obj
 0002:00017045       ??$PFromRva@PBU_IMAGE_THUNK_DATA32@@@@YGPBU_IMAGE_THUNK_DATA32@@K@Z 10028045 f i delayimp:delayhlp.obj
 0002:0001705b       ??$PFromRva@PAU_IMAGE_IMPORT_BY_NAME@@@@YGPAU_IMAGE_IMPORT_BY_NAME@@K@Z 1002805b f i delayimp:delayhlp.obj
 0002:00017071       ??$PFromRva@PBUImgDelayDescr@@@@YGPBUImgDelayDescr@@K@Z 10028071 f i delayimp:delayhlp.obj
 0002:00017087       ??$PFromRva@PAP6GHXZ@@YGPAP6GHXZK@Z 10028087 f i delayimp:delayhlp.obj
 0002:0001709d       ??0ULI@@QAE@PBUImgDelayDescr@@@Z 1002809d f i delayimp:delayhlp.obj
 0002:000170c2       ??1ULI@@QAE@XZ             100280c2 f i delayimp:delayhlp.obj
 0002:000170c7       ___delayLoadHelper2@8      100280c7 f   delayimp:delayhlp.obj
 0002:00017390       ??_GULI@@QAEPAXI@Z         10028390 f i delayimp:delayhlp.obj
 0002:000173b9       ___HrLoadAllImportsForDll@4 100283b9 f   delayimp:delayhlp.obj
 0002:000174a4       ___FUnloadDelayLoadedDLL2@4 100284a4 f   delayimp:delayhlp.obj
 0002:000175d6       _QueryPerformanceFrequency@4 100285d6 f   kernel32:KERNEL32.dll
 0002:000175dc       _HeapFree@12               100285dc f   kernel32:KERNEL32.dll
 0002:000175e2       _WaitForSingleObject@8     100285e2 f   kernel32:KERNEL32.dll
 0002:000175e8       _HeapAlloc@12              100285e8 f   kernel32:KERNEL32.dll
 0002:000175ee       _GetProcessHeap@0          100285ee f   kernel32:KERNEL32.dll
 0002:000175f4       _GetCurrentThreadId@0      100285f4 f   kernel32:KERNEL32.dll
 0002:000175fa       _CreateThread@24           100285fa f   kernel32:KERNEL32.dll
 0002:00017600       _CreateEventA@16           10028600 f   kernel32:KERNEL32.dll
 0002:00017606       _SetEvent@4                10028606 f   kernel32:KERNEL32.dll
 0002:0001760c       _ResetEvent@4              1002860c f   kernel32:KERNEL32.dll
 0002:00017612       _lstrcpyA@8                10028612 f   kernel32:KERNEL32.dll
 0002:00017618       _lstrcatA@8                10028618 f   kernel32:KERNEL32.dll
 0002:0001761e       _GetModuleFileNameA@12     1002861e f   kernel32:KERNEL32.dll
 0002:00017624       _lstrlenA@4                10028624 f   kernel32:KERNEL32.dll
 0002:0001762a       _lstrcmpA@8                1002862a f   kernel32:KERNEL32.dll
 0002:00017630       _ReadFile@20               10028630 f   kernel32:KERNEL32.dll
 0002:00017636       _GetFileSize@8             10028636 f   kernel32:KERNEL32.dll
 0002:0001763c       _CreateFileA@28            1002863c f   kernel32:KERNEL32.dll
 0002:00017642       _GetLastError@0            10028642 f   kernel32:KERNEL32.dll
 0002:00017648       _MultiByteToWideChar@24    10028648 f   kernel32:KERNEL32.dll
 0002:0001764e       _GetModuleHandleA@4        1002864e f   kernel32:KERNEL32.dll
 0002:00017654       _GetTickCount@0            10028654 f   kernel32:KERNEL32.dll
 0002:0001765a       _SetFilePointer@16         1002865a f   kernel32:KERNEL32.dll
 0002:00017660       _WriteFile@20              10028660 f   kernel32:KERNEL32.dll
 0002:00017666       _GetCurrentProcessId@0     10028666 f   kernel32:KERNEL32.dll
 0002:0001766c       _GetCurrentDirectoryA@8    1002866c f   kernel32:KERNEL32.dll
 0002:00017672       _GetLocalTime@4            10028672 f   kernel32:KERNEL32.dll
 0002:00017678       _lstrcmpiA@8               10028678 f   kernel32:KERNEL32.dll
 0002:0001767e       _lstrcpynA@12              1002867e f   kernel32:KERNEL32.dll
 0002:00017684       _GetWindowsDirectoryA@8    10028684 f   kernel32:KERNEL32.dll
 0002:0001768a       _LocalAlloc@8              1002868a f   kernel32:KERNEL32.dll
 0002:00017690       _LocalFree@4               10028690 f   kernel32:KERNEL32.dll
 0002:00017696       _GetProcAddress@8          10028696 f   kernel32:KERNEL32.dll
 0002:0001769c       _FreeLibrary@4             1002869c f   kernel32:KERNEL32.dll
 0002:000176a2       _InterlockedExchange@8     100286a2 f   kernel32:KERNEL32.dll
 0002:000176a8       _LoadLibraryA@4            100286a8 f   kernel32:KERNEL32.dll
 0002:000176ae       _RaiseException@16         100286ae f   kernel32:KERNEL32.dll
 0002:000176b4       _IsWindow@4                100286b4 f   user32:USER32.dll
 0002:000176ba       _FillRect@12               100286ba f   user32:USER32.dll
 0002:000176c0       _ClientToScreen@8          100286c0 f   user32:USER32.dll
 0002:000176c6       _GetClientRect@8           100286c6 f   user32:USER32.dll
 0002:000176cc       _GetWindowRect@8           100286cc f   user32:USER32.dll
 0002:000176d2       _DrawIcon@16               100286d2 f   user32:USER32.dll
 0002:000176d8       _GetIconInfo@8             100286d8 f   user32:USER32.dll
 0002:000176de       _GetCursor@0               100286de f   user32:USER32.dll
 0002:000176e4       _GetCursorPos@4            100286e4 f   user32:USER32.dll
 0002:000176ea       _CallWindowProcA@20        100286ea f   user32:USER32.dll
 0002:000176f0       _SetTimer@16               100286f0 f   user32:USER32.dll
 0002:000176f6       _SetWindowLongA@12         100286f6 f   user32:USER32.dll
 0002:000176fc       _GetWindowLongA@8          100286fc f   user32:USER32.dll
 0002:00017702       _IsWindowVisible@4         10028702 f   user32:USER32.dll
 0002:00017708       _InvalidateRect@12         10028708 f   user32:USER32.dll
 0002:0001770e       _KillTimer@8               1002870e f   user32:USER32.dll
 0002:00017714       _WindowFromDC@4            10028714 f   user32:USER32.dll
 0002:0001771a       _MapVirtualKeyA@8          1002871a f   user32:USER32.dll
 0002:00017720       _SetWindowsHookExA@16      10028720 f   user32:USER32.dll
 0002:00017726       _GetWindowThreadProcessId@8 10028726 f   user32:USER32.dll
 0002:0001772c       _UnhookWindowsHookEx@4     1002872c f   user32:USER32.dll
 0002:00017732       _CallNextHookEx@16         10028732 f   user32:USER32.dll
 0002:00017738       _PostMessageA@16           10028738 f   user32:USER32.dll
 0002:0001773e       _DeleteObject@4            1002873e f   gdi32:GDI32.dll
 0002:00017744       _GetDIBits@28              10028744 f   gdi32:GDI32.dll
 0002:0001774a       _BitBlt@36                 1002874a f   gdi32:GDI32.dll
 0002:00017750       _StretchBlt@44             10028750 f   gdi32:GDI32.dll
 0002:00017756       ?Debug_Warn@CLogBase@@QAAHPBDZZ 10028756 f   TaksiCommon:TaksiCommon.dll
 0002:0001775c       ?Debug_Info@CLogBase@@QAAHPBDZZ 1002875c f   TaksiCommon:TaksiCommon.dll
 0002:00017762       ?Assert_CheckFail@CLogBase@@QAEXPBD0I@Z 10028762 f   TaksiCommon:TaksiCommon.dll
 0002:00017768       ?Debug_Trace@CLogBase@@QAAHPBDZZ 10028768 f   TaksiCommon:TaksiCommon.dll
 0002:0001776e       ?GetPerformanceCounter@@YA_JXZ 1002876e f   TaksiCommon:TaksiCommon.dll
 0002:00017774       ??1CWaveRecorder@@QAE@XZ   10028774 f   TaksiCommon:TaksiCommon.dll
 0002:0001777a       ??1CNTHandle@@QAE@XZ       1002877a f   TaksiCommon:TaksiCommon.dll
 0002:00017780       ??_FCWaveHeaderBase@@QAEXXZ 10028780 f   TaksiCommon:TaksiCommon.dll
 0002:00017786       ??1CWaveHeaderBase@@QAE@XZ 10028786 f   TaksiCommon:TaksiCommon.dll
 0002:0001778c       ??0CWaveRecorder@@QAE@I@Z  1002878c f   TaksiCommon:TaksiCommon.dll
 0002:00017792       ??0CThreadLockedLong@@QAE@J@Z 10028792 f   TaksiCommon:TaksiCommon.dll
 0002:00017798       ??0CNTHandle@@QAE@PAX@Z    10028798 f   TaksiCommon:TaksiCommon.dll
 0002:0001779e       ??0CVideoFrame@@QAE@XZ     1002879e f   TaksiCommon:TaksiCommon.dll
 0002:000177a4       ??1CVideoFrame@@QAE@XZ     100287a4 f   TaksiCommon:TaksiCommon.dll
 0002:000177aa       ?Exchange@CThreadLockedLong@@QAEJJ@Z 100287aa f   TaksiCommon:TaksiCommon.dll
 0002:000177b0       ?Debug_Error@CLogBase@@QAAHPBDZZ 100287b0 f   TaksiCommon:TaksiCommon.dll
 0002:000177b6       ??BCNTHandle@@QBEPAXXZ     100287b6 f   TaksiCommon:TaksiCommon.dll
 0002:000177bc       ?Dec@CThreadLockedLong@@QAEJXZ 100287bc f   TaksiCommon:TaksiCommon.dll
 0002:000177c2       ?WriteAudioBlock@CAVIFile@@QAEJPBEK@Z 100287c2 f   TaksiCommon:TaksiCommon.dll
 0002:000177c8       ?GetAudioBytesForMs@CAVIFile@@QBEKK@Z 100287c8 f   TaksiCommon:TaksiCommon.dll
 0002:000177ce       ?GetFrameTimeMs@CAVIFile@@QBEKXZ 100287ce f   TaksiCommon:TaksiCommon.dll
 0002:000177d4       ?GetAudioTimeMs@CAVIFile@@QBEKXZ 100287d4 f   TaksiCommon:TaksiCommon.dll
 0002:000177da       ?get_Handle@CWaveRecorder@@QBEPAUHWAVEIN__@@XZ 100287da f   TaksiCommon:TaksiCommon.dll
 0002:000177e0       ?WriteVideoBlocks@CAVIFile@@QAEJAAUCVideoFrame@@H@Z 100287e0 f   TaksiCommon:TaksiCommon.dll
 0002:000177e6       ?IsValidFrame@CVideoFrame@@QBE_NXZ 100287e6 f   TaksiCommon:TaksiCommon.dll
 0002:000177ec       ?IsValidHandle@CNTHandle@@QBE_NXZ 100287ec f   TaksiCommon:TaksiCommon.dll
 0002:000177f2       ?ResetAVIFile@CAVIFile@@QAEJPBD@Z 100287f2 f   TaksiCommon:TaksiCommon.dll
 0002:000177f8       ?AllocForm@CVideoFrame@@QAE_NABUCVideoFrameForm@@@Z 100287f8 f   TaksiCommon:TaksiCommon.dll
 0002:000177fe       ?get_SizeBytes@CVideoFrameForm@@QBEHXZ 100287fe f   TaksiCommon:TaksiCommon.dll
 0002:00017804       ?Inc@CThreadLockedLong@@QAEJXZ 10028804 f   TaksiCommon:TaksiCommon.dll
 0002:0001780a       ?UnprepareDevice@CWaveHeaderBase@@QAEXXZ 1002880a f   TaksiCommon:TaksiCommon.dll
 0002:00017810       ?get_wh@CWaveHeaderBase@@QBEPAUwavehdr_tag@@XZ 10028810 f   TaksiCommon:TaksiCommon.dll
 0002:00017816       ?IsOpen@CAVIFile@@QBE_NXZ  10028816 f   TaksiCommon:TaksiCommon.dll
 0002:0001781c       ?OnHeaderReturn@CWaveDevice@@SGPAVCWaveHeaderBase@@PAUwavehdr_tag@@@Z 1002881c f   TaksiCommon:TaksiCommon.dll
 0002:00017822       ?AttachData@CWaveHeaderBase@@QAEXPADK@Z 10028822 f   TaksiCommon:TaksiCommon.dll
 0002:00017828       ?CvtBlocksToBytes@CWaveFormat@@QBEKK@Z 10028828 f   TaksiCommon:TaksiCommon.dll
 0002:0001782e       ?CvtmSecToBlocks@CWaveFormat@@QBEKK@Z 1002882e f   TaksiCommon:TaksiCommon.dll
 0002:00017834       ?IsValidFormat@CWaveFormat@@QBE_NXZ 10028834 f   TaksiCommon:TaksiCommon.dll
 0002:0001783a       ?DetachData@CWaveHeaderBase@@QAEXXZ 1002883a f   TaksiCommon:TaksiCommon.dll
 0002:00017840       ?CloseHandle@CNTHandle@@QAE_NXZ 10028840 f   TaksiCommon:TaksiCommon.dll
 0002:00017846       ?HRes_GetLastErrorDef@@YAJJ@Z 10028846 f   TaksiCommon:TaksiCommon.dll
 0002:0001784c       ?AttachHandle@CNTHandle@@QAEXPAX@Z 1002884c f   TaksiCommon:TaksiCommon.dll
 0002:00017852       ??0CAVIFile@@QAE@XZ        10028852 f   TaksiCommon:TaksiCommon.dll
 0002:00017858       ??1CAVIFile@@QAE@XZ        10028858 f   TaksiCommon:TaksiCommon.dll
 0002:0001785e       ?InitFormatEmpty@CWaveFormat@@QAEXXZ 1002885e f   TaksiCommon:TaksiCommon.dll
 0002:00017864       ?InitCodec@CVideoCodec@@QAEXXZ 10028864 f   TaksiCommon:TaksiCommon.dll
 0002:0001786a       ?SetFormat@CWaveFormat@@QAE_NPBUtWAVEFORMATEX@@@Z 1002886a f   TaksiCommon:TaksiCommon.dll
 0002:00017870       ??BCWaveFormat@@QBEPBUtWAVEFORMATEX@@XZ 10028870 f   TaksiCommon:TaksiCommon.dll
 0002:00017876       ?CopyCodec@CVideoCodec@@QAEXABU1@@Z 10028876 f   TaksiCommon:TaksiCommon.dll
 0002:0001787c       ?CreateDirectoryX@@YAJPBD@Z 1002887c f   TaksiCommon:TaksiCommon.dll
 0002:00017882       ?GetFileTitlePtr@@YAPADPAD@Z 10028882 f   TaksiCommon:TaksiCommon.dll
 0002:00017888       ?PropsInit@CIniObject@@QAEXXZ 10028888 f   TaksiCommon:TaksiCommon.dll
 0002:0001788e       ??0CIniObject@@QAE@XZ      1002888e f   TaksiCommon:TaksiCommon.dll
 0002:00017894       ?DestroyCodec@CVideoCodec@@QAEXXZ 10028894 f   TaksiCommon:TaksiCommon.dll
 0002:0001789a       ?Mem_ConvertToString@@YAHPADHPBEH@Z 1002889a f   TaksiCommon:TaksiCommon.dll
 0002:000178a0       ?get_WF@CWaveFormat@@QBEPAUtWAVEFORMATEX@@XZ 100288a0 f   TaksiCommon:TaksiCommon.dll
 0002:000178a6       ?get_FormatSize@CWaveFormat@@QBEHXZ 100288a6 f   TaksiCommon:TaksiCommon.dll
 0002:000178ac       ?GetStr@CVideoCodec@@QBEHPADH@Z 100288ac f   TaksiCommon:TaksiCommon.dll
 0002:000178b2       ?SetFormatBytes@CWaveFormat@@QAE_NPBEH@Z 100288b2 f   TaksiCommon:TaksiCommon.dll
 0002:000178b8       ?Mem_ReadFromString@@YAHPAEHPBD@Z 100288b8 f   TaksiCommon:TaksiCommon.dll
 0002:000178be       ?put_Str@CVideoCodec@@QAE_NPBD@Z 100288be f   TaksiCommon:TaksiCommon.dll
 0002:000178c4       ?PropSetName@CIniObject@@QAE_NPBD0@Z 100288c4 f   TaksiCommon:TaksiCommon.dll
 0002:000178ca       ?Str_SkipSpace@@YAPADPBD@Z 100288ca f   TaksiCommon:TaksiCommon.dll
 0002:000178d0       ?PropWriteName@CIniObject@@QAE_NPAU_iobuf@@PBD@Z 100288d0 f   TaksiCommon:TaksiCommon.dll
 0002:000178d6       ?Str_IsSpace@@YA_ND@Z      100288d6 f   TaksiCommon:TaksiCommon.dll
 0002:000178dc       ?PropsWrite@CIniObject@@QAEXPAU_iobuf@@@Z 100288dc f   TaksiCommon:TaksiCommon.dll
 0002:000178e2       ?DetachGDIPInt@CImageGDIPInt@@QAEXXZ 100288e2 f   TaksiCommon:TaksiCommon.dll
 0002:000178e8       ?SetupBITMAPINFOHEADER@CVideoFrame@@QBEXAAUtagBITMAPINFOHEADER@@@Z 100288e8 f   TaksiCommon:TaksiCommon.dll
 0002:000178ee       ?GetEncoderClsid@CImageGDIPInt@@QAEJPBDPAU_GUID@@@Z 100288ee f   TaksiCommon:TaksiCommon.dll
 0002:000178f4       ?AttachGDIPInt@CImageGDIPInt@@QAE_NXZ 100288f4 f   TaksiCommon:TaksiCommon.dll
 0002:000178fa       ?SaveAsBMP@CVideoFrame@@QBEJPBD@Z 100288fa f   TaksiCommon:TaksiCommon.dll
 0002:00017900       ?AllocPadXY@CVideoFrame@@QAE_NHHHH@Z 10028900 f   TaksiCommon:TaksiCommon.dll
 0002:00017906       ?CloseAVI@CAVIFile@@QAEJ_N@Z 10028906 f   TaksiCommon:TaksiCommon.dll
 0002:0001790c       ?OpenAVIFile@CAVIFile@@QAEJPBD@Z 1002890c f   TaksiCommon:TaksiCommon.dll
 0002:00017912       ?OpenAVICodec@CAVIFile@@QAEJAAUCVideoFrameForm@@NABUCVideoCodec@@PBVCWaveFormat@@@Z 10028912 f   TaksiCommon:TaksiCommon.dll
 0002:00017918       ?InitPadded@CVideoFrameForm@@QAEXHHHH@Z 10028918 f   TaksiCommon:TaksiCommon.dll
 0002:0001791e       ??0CVideoFrameForm@@QAE@XZ 1002891e f   TaksiCommon:TaksiCommon.dll
 0002:00017924       ?IsValidDll@CDllFile@@QBE_NXZ 10028924 f   TaksiCommon:TaksiCommon.dll
 0002:0001792a       ?FindDll@CDllFile@@QAE_NPBD@Z 1002892a f   TaksiCommon:TaksiCommon.dll
 0002:00017930       ?SwapReset@CHookJump@@QAEXPAX@Z 10028930 f   TaksiCommon:TaksiCommon.dll
 0002:00017936       ?SwapOld@CHookJump@@QAEXPAX@Z 10028936 f   TaksiCommon:TaksiCommon.dll
 0002:0001793c       ?RemoveHook@CHookJump@@QAEXPAX@Z 1002893c f   TaksiCommon:TaksiCommon.dll
 0002:00017942       ?IsHookInstalled@CHookJump@@QBE_NXZ 10028942 f   TaksiCommon:TaksiCommon.dll
 0002:00017948       ??0CHookJump@@QAE@XZ       10028948 f   TaksiCommon:TaksiCommon.dll
 0002:0001794e       ??0CDllFile@@QAE@PAUHINSTANCE__@@_N@Z 1002894e f   TaksiCommon:TaksiCommon.dll
 0002:00017954       ?FreeDll@CDllFile@@QAEXXZ  10028954 f   TaksiCommon:TaksiCommon.dll
 0002:0001795a       ??1CDllFile@@QAE@XZ        1002895a f   TaksiCommon:TaksiCommon.dll
 0002:00017960       ?InstallHook@CHookJump@@QAE_NPAX0@Z 10028960 f   TaksiCommon:TaksiCommon.dll
 0002:00017966       ?get_DllInt@CDllFile@@QBEIXZ 10028966 f   TaksiCommon:TaksiCommon.dll
 0002:0001796c       ??BCWndDC@@QBEPAUHDC__@@XZ 1002896c f   TaksiCommon:TaksiCommon.dll
 0002:00017972       ?get_HBrush@CWndGDI@@QBEPAUHBRUSH__@@XZ 10028972 f   TaksiCommon:TaksiCommon.dll
 0002:00017978       ??1CWndGDI@@QAE@XZ         10028978 f   TaksiCommon:TaksiCommon.dll
 0002:0001797e       ?CreateSolidBrush@CWndGDI@@QAEPAUHBRUSH__@@K@Z 1002897e f   TaksiCommon:TaksiCommon.dll
 0002:00017984       ??0CWndGDI@@QAE@PAX@Z      10028984 f   TaksiCommon:TaksiCommon.dll
 0002:0001798a       ??1CWndDC@@QAE@XZ          1002898a f   TaksiCommon:TaksiCommon.dll
 0002:00017990       ?GetDCEx@CWndDC@@QAE_NPAUHWND__@@K@Z 10028990 f   TaksiCommon:TaksiCommon.dll
 0002:00017996       ??0CWndDC@@QAE@PAUHDC__@@PAUHWND__@@@Z 10028996 f   TaksiCommon:TaksiCommon.dll
 0002:0001799c       ?GetObjectA@CWndGDI@@QBEHHPAX@Z 1002899c f   TaksiCommon:TaksiCommon.dll
 0002:000179a2       ??1CWndGDISelect@@QAE@XZ   100289a2 f   TaksiCommon:TaksiCommon.dll
 0002:000179a8       ??0CWndGDISelect@@QAE@PAUHDC__@@PAX@Z 100289a8 f   TaksiCommon:TaksiCommon.dll
 0002:000179ae       ??BCWndGDI@@QBEPAXXZ       100289ae f   TaksiCommon:TaksiCommon.dll
 0002:000179b4       ?get_HBitmap@CWndGDI@@QBEPAUHBITMAP__@@XZ 100289b4 f   TaksiCommon:TaksiCommon.dll
 0002:000179ba       ?CreateCompatibleBitmap@CWndDC@@QAEPAUHBITMAP__@@HH@Z 100289ba f   TaksiCommon:TaksiCommon.dll
 0002:000179c0       ?CreateCompatibleDC@CWndDC@@QAE_NPAUHDC__@@@Z 100289c0 f   TaksiCommon:TaksiCommon.dll
 0002:000179c6       ?GetDC@CWndDC@@QAE_NPAUHWND__@@@Z 100289c6 f   TaksiCommon:TaksiCommon.dll
 0002:000179cc       ?GetProcAddress@CDllFile@@QBEP6GHXZPBD@Z 100289cc f   TaksiCommon:TaksiCommon.dll
 0002:000179d2       ?VerifyHook@CHookJump@@QBE_NQAX@Z 100289d2 f   TaksiCommon:TaksiCommon.dll
 0002:000179d8       ?FreeFrame@CVideoFrame@@QAEXXZ 100289d8 f   TaksiCommon:TaksiCommon.dll
 0002:000179de       ?LoadDll@CDllFile@@QAEJPBD@Z 100289de f   TaksiCommon:TaksiCommon.dll
 0002:000179e4       ??0CIniObject@@QAE@ABU0@@Z 100289e4 f   TaksiCommon:TaksiCommon.dll
 0002:000179ea       ??4CIniObject@@QAEAAU0@ABU0@@Z 100289ea f   TaksiCommon:TaksiCommon.dll
 0002:000179f0       ??1CLogFiltered@@UAE@XZ    100289f0 f   TaksiCommon:TaksiCommon.dll
 0002:000179f6       ??0CLogFiltered@@QAE@KW4LOGL_TYPE@@@Z 100289f6 f   TaksiCommon:TaksiCommon.dll
 0002:000179fc       ?IsLogged@CLogFiltered@@UBE_NKW4LOGL_TYPE@@@Z 100289fc f   TaksiCommon:TaksiCommon.dll
 0002:00017a02       ?VEvent@CLogBase@@UAEHKW4LOGL_TYPE@@PBDPAD@Z 10028a02 f   TaksiCommon:TaksiCommon.dll
 0002:00017a08       ??0CLogFiltered@@QAE@ABV0@@Z 10028a08 f   TaksiCommon:TaksiCommon.dll
 0002:00017a0e       ??4CLogFiltered@@QAEAAV0@ABV0@@Z 10028a0e f   TaksiCommon:TaksiCommon.dll
 0002:00017a14       ?EventStr@CLogBase@@UAEHKW4LOGL_TYPE@@PBD@Z 10028a14 f   TaksiCommon:TaksiCommon.dll
 0002:00017a1a       ?FindWindowTop@@YAPAUHWND__@@PAU1@@Z 10028a1a f   TaksiCommon:TaksiCommon.dll
 0002:00017a20       __RTC_CheckEsp             10028a20 f   MSVCRTD:_stack_.obj
 0002:00017a50       @_RTC_CheckStackVars@8     10028a50 f   MSVCRTD:_stack_.obj
 0002:00017ad0       @_RTC_AllocaHelper@12      10028ad0 f   MSVCRTD:_stack_.obj
 0002:00017b10       @_RTC_CheckStackVars2@12   10028b10 f   MSVCRTD:_stack_.obj
 0002:00017c20       __RTC_InitBase             10028c20 f   MSVCRTD:_init_.obj
 0002:00017c60       __RTC_Shutdown             10028c60 f   MSVCRTD:_init_.obj
 0002:00017c80       ??_M@YGXPAXIHP6EX0@Z@Z     10028c80 f   MSVCRTD:ehvecdtr.obj
 0002:00017d60       ?__ArrayUnwind@@YGXPAXIHP6EX0@Z@Z 10028d60 f   MSVCRTD:ehvecdtr.obj
 0002:00017e50       ??_L@YGXPAXIHP6EX0@Z1@Z    10028e50 f   MSVCRTD:ehvecctr.obj
 0002:00017f2c       ___CxxFrameHandler3        10028f2c f   MSVCRTD:MSVCR100D.dll
 0002:00017f40       @__security_check_cookie@4 10028f40 f   MSVCRTD:secchk.obj
 0002:00017f52       _memset                    10028f52 f   MSVCRTD:MSVCR100D.dll
 0002:00017f58       _memcpy                    10028f58 f   MSVCRTD:MSVCR100D.dll
 0002:00017f60       __onexit                   10028f60 f   MSVCRTD:atonexit.obj
 0002:00018090       _atexit                    10029090 f   MSVCRTD:atonexit.obj
 0002:000180b4       __snprintf                 100290b4 f   MSVCRTD:MSVCR100D.dll
 0002:000180ba       _atof                      100290ba f   MSVCRTD:MSVCR100D.dll
 0002:000180c0       _strncpy                   100290c0 f   MSVCRTD:MSVCR100D.dll
 0002:000180c6       _strchr                    100290c6 f   MSVCRTD:MSVCR100D.dll
 0002:000180d0       ??0type_info@@AAE@ABV0@@Z  100290d0 f   MSVCRTD:ti_inst.obj
 0002:00018100       ??_Etype_info@@UAEPAXI@Z   10029100 f i MSVCRTD:ti_inst.obj
 0002:00018190       ??4type_info@@AAEAAV0@ABV0@@Z 10029190 f   MSVCRTD:ti_inst.obj
 0002:000181a6       __mbsnbcpy                 100291a6 f   MSVCRTD:MSVCR100D.dll
 0002:000181ac       __mbsstr                   100291ac f   MSVCRTD:MSVCR100D.dll
 0002:000181b2       _atoi                      100291b2 f   MSVCRTD:MSVCR100D.dll
 0002:000181b8       _strtol                    100291b8 f   MSVCRTD:MSVCR100D.dll
 0002:000181be       _sscanf                    100291be f   MSVCRTD:MSVCR100D.dll
 0002:000181c4       _fclose                    100291c4 f   MSVCRTD:MSVCR100D.dll
 0002:000181ca       _feof                      100291ca f   MSVCRTD:MSVCR100D.dll
 0002:000181d0       _fgets                     100291d0 f   MSVCRTD:MSVCR100D.dll
 0002:000181d6       _fopen                     100291d6 f   MSVCRTD:MSVCR100D.dll
 0002:000181dc       _strstr                    100291dc f   MSVCRTD:MSVCR100D.dll
 0002:000181e2       _fprintf                   100291e2 f   MSVCRTD:MSVCR100D.dll
 0002:000181e8       __mbslwr                   100291e8 f   MSVCRTD:MSVCR100D.dll
 0002:000181ee       __mbschr                   100291ee f   MSVCRTD:MSVCR100D.dll
 0002:000181f4       __purecall                 100291f4 f   MSVCRTD:MSVCR100D.dll
 0002:000181fa       __wassert                  100291fa f   MSVCRTD:MSVCR100D.dll
 0002:00018200       ??3@YAXPAX@Z               10029200 f   MSVCRTD:MSVCR100D.dll
 0002:00018206       ??_V@YAXPAX@Z              10029206 f   MSVCRTD:MSVCR100D.dll
 0002:000182b0       __CRT_INIT@12              100292b0 f   MSVCRTD:crtdll.obj
 0002:00018660       _NtCurrentTeb              10029660 f i MSVCRTD:crtdll.obj
 0002:00018670       __DllMainCRTStartup@12     10029670 f   MSVCRTD:crtdll.obj
 0002:000188f0       ?_RTC_Failure@@YAXPAXH@Z   100298f0 f   MSVCRTD:_error_.obj
 0002:00018d80       ?_RTC_StackFailure@@YAXPAXPBD@Z 10029d80 f   MSVCRTD:_error_.obj
 0002:00018ec0       ?_RTC_AllocaFailure@@YAXPAXPAU_RTC_ALLOCA_NODE@@H@Z 10029ec0 f   MSVCRTD:_error_.obj
 0002:000190d0       __RTC_UninitUse            1002a0d0 f   MSVCRTD:_error_.obj
 0002:00019200       __RTC_NumErrors            1002a200 f   MSVCRTD:_userapi_.obj
 0002:00019210       __RTC_GetErrDesc           1002a210 f   MSVCRTD:_userapi_.obj
 0002:00019230       __RTC_SetErrorType         1002a230 f   MSVCRTD:_userapi_.obj
 0002:00019260       __RTC_SetErrorFunc         1002a260 f   MSVCRTD:_userapi_.obj
 0002:00019290       __RTC_SetErrorFuncW        1002a290 f   MSVCRTD:_userapi_.obj
 0002:000192c0       ?_RTC_GetErrorFunc@@YAP6AHHPBDH00ZZPBX@Z 1002a2c0 f   MSVCRTD:_userapi_.obj
 0002:000192d0       ?_RTC_GetErrorFuncW@@YAP6AHHPB_WH00ZZPBX@Z 1002a2d0 f   MSVCRTD:_userapi_.obj
 0002:000192d6       __CRT_RTC_INITW            1002a2d6 f   MSVCRTD:MSVCR100D.dll
 0002:000192e0       __except_handler4          1002a2e0 f   MSVCRTD:chandler4gs.obj
 0002:00019314       ?terminate@@YAXXZ          1002a314 f   MSVCRTD:MSVCR100D.dll
 0002:00019320       ___report_gsfailure        1002a320 f   MSVCRTD:gs_report.obj
 0002:00019472       __unlock                   1002a472 f   MSVCRTD:MSVCR100D.dll
 0002:00019478       ___dllonexit               1002a478 f   MSVCRTD:MSVCR100D.dll
 0002:0001947e       __lock                     1002a47e f   MSVCRTD:MSVCR100D.dll
 0002:00019490       ___clean_type_info_names   1002a490 f   MSVCRTD:tncleanup.obj
 0002:000194b0       __RTC_Initialize           1002a4b0 f   MSVCRTD:_initsect_.obj
 0002:000194e0       __RTC_Terminate            1002a4e0 f   MSVCRTD:_initsect_.obj
 0002:00019510       __malloc_dbg               1002a510 f   MSVCRTD:MSVCR100D.dll
 0002:00019516       __free_dbg                 1002a516 f   MSVCRTD:MSVCR100D.dll
 0002:0001951c       __encoded_null             1002a51c f   MSVCRTD:MSVCR100D.dll
 0002:00019522       __CrtSetCheckCount         1002a522 f   MSVCRTD:MSVCR100D.dll
 0002:00019530       __ValidateImageBase        1002a530 f   MSVCRTD:pesect.obj
 0002:000195b0       __FindPESection            1002a5b0 f   MSVCRTD:pesect.obj
 0002:00019650       __IsNonwritableInCurrentImage 1002a650 f   MSVCRTD:pesect.obj
 0002:000197a6       __initterm                 1002a7a6 f   MSVCRTD:MSVCR100D.dll
 0002:000197ac       __initterm_e               1002a7ac f   MSVCRTD:MSVCR100D.dll
 0002:000197b2       __amsg_exit                1002a7b2 f   MSVCRTD:MSVCR100D.dll
 0002:000197c0       ___security_init_cookie    1002a7c0 f   MSVCRTD:gs_support.obj
 0002:000198d8       ___CppXcptFilter           1002a8d8 f   MSVCRTD:MSVCR100D.dll
 0002:000198e0       ?_RTC_GetSrcLine@@YAHPAEPA_WKPAH1K@Z 1002a8e0 f   MSVCRTD:_pdblkup_.obj
 0002:00019eb6       __except_handler4_common   1002aeb6 f   MSVCRTD:MSVCR100D.dll
 0002:00019ebc       __crt_debugger_hook        1002aebc f   MSVCRTD:MSVCR100D.dll
 0002:00019ec2       ??1type_info@@UAE@XZ       1002aec2 f   MSVCRTD:MSVCR100D.dll
 0002:00019ec2       ?_type_info_dtor_internal_method@type_info@@QAEXXZ 1002aec2 f   MSVCRTD:MSVCR100D.dll
 0002:00019ec8       ___clean_type_info_names_internal 1002aec8 f   MSVCRTD:MSVCR100D.dll
 0002:00019ece       _EncodePointer@4           1002aece f   kernel32:KERNEL32.dll
 0002:00019ed4       _DecodePointer@4           1002aed4 f   kernel32:KERNEL32.dll
 0002:00019eda       _Sleep@4                   1002aeda f   kernel32:KERNEL32.dll
 0002:00019ee0       _InterlockedCompareExchange@12 1002aee0 f   kernel32:KERNEL32.dll
 0002:00019ee6       _WideCharToMultiByte@32    1002aee6 f   kernel32:KERNEL32.dll
 0002:00019eec       _IsDebuggerPresent@0       1002aeec f   kernel32:KERNEL32.dll
 0002:00019ef2       _LoadLibraryW@4            1002aef2 f   kernel32:KERNEL32.dll
 0002:00019ef8       _TerminateProcess@8        1002aef8 f   kernel32:KERNEL32.dll
 0002:00019efe       _GetCurrentProcess@0       1002aefe f   kernel32:KERNEL32.dll
 0002:00019f04       _UnhandledExceptionFilter@4 1002af04 f   kernel32:KERNEL32.dll
 0002:00019f0a       _SetUnhandledExceptionFilter@4 1002af0a f   kernel32:KERNEL32.dll
 0002:00019f10       _QueryPerformanceCounter@4 1002af10 f   kernel32:KERNEL32.dll
 0002:00019f16       _GetSystemTimeAsFileTime@4 1002af16 f   kernel32:KERNEL32.dll
 0002:00019f1c       _GetModuleFileNameW@12     1002af1c f   kernel32:KERNEL32.dll
 0002:00019f22       _VirtualQuery@12           1002af22 f   kernel32:KERNEL32.dll
 0002:00019f28       __strnicmp                 1002af28 f   MSVCRTD:MSVCR100D.dll
 0003:00000000       ___xc_a                    10030000     MSVCRTD:cinitexe.obj
 0003:00000258       ___xc_z                    10030258     MSVCRTD:cinitexe.obj
 0003:0000035c       ___xi_a                    1003035c     MSVCRTD:cinitexe.obj
 0003:00000564       ___xi_z                    10030564     MSVCRTD:cinitexe.obj
 0003:0000068c       ??_C@_0CE@PMIIBBKL@QueryPerformanceFrequency?5FAILED@ 1003068c     AVI.obj
 0003:000006b8       ??_C@_0CJ@MLLNDNLG@QueryPerformanceFrequency?5hi?$DN?$CFu?0@ 100306b8     AVI.obj
 0003:000006ec       ??_C@_0BD@HOLKHEAK@freq?4HighPart?5?$DN?$DN?50?$AA@ 100306ec     AVI.obj
 0003:00000708       ??_C@_0GK@FMPBDLLC@c?3?2users?2changxl?2documents?2visua@ 10030708     AVI.obj
 0003:00000788       __real@00000000            10030788     AVI.obj
 0003:0000078c       ??_C@_0BI@HKGLBGFA@currentFrameRate?5?$DN?5?$CFf?$AN?6?$AA@ 1003078c     AVI.obj
 0003:000007a8       ??_C@_0CL@LHFFOPKM@adjusted?5iTimeDiff?5?$DN?5?$CFd?0?5LastOve@ 100307a8     AVI.obj
 0003:000007dc       ??_C@_0P@FCBKICHE@iTimeDiff?$DN?$CFd?$AN?6?$AA@ 100307dc     AVI.obj
 0003:000007f0       __real@0000000000000000    100307f0     AVI.obj
 0003:000007fc       ??_C@_0BI@CGBCDMJD@dwFrameDups?5?$DN?5?$CFd?5?$CL?5?$CFf?$AN?6?$AA@ 100307fc     AVI.obj
 0003:00000818       ??_C@_04GNLBACMP@tNow?$AA@ 10030818     AVI.obj
 0003:00000820       ??_C@_0BO@KJLCENFF@CAVIThread?3?3ThreadRun?$CI?$CJ?5END?$AN?6?$AA@ 10030820     AVI.obj
 0003:00000844       ??_C@_0CH@EJKNKHPH@CAVIThread?3?3WaitForSingleObject?5@ 10030844     AVI.obj
 0003:00000874       ??_C@_0BG@MNJICK@pFrame?9?$DOm_dwFrameDups?$AA@ 10030874     AVI.obj
 0003:00000890       ??_C@_0BP@JPDHMJGO@pFrame?9?$DOm_Video?4IsValidFrame?$CI?$CJ?$AA@ 10030890     AVI.obj
 0003:000008b8       ??_C@_06PPHPNID@pFrame?$AA@ 100308b8     AVI.obj
 0003:000008c0       ??_C@_0BL@LJNHGANH@m_iFrameCount?4m_lValue?5?$DO?50?$AA@ 100308c0     AVI.obj
 0003:000008e0       ??_C@_0BP@EGHIBNEE@CAVIThread?3?3ThreadRun?$CI?$CJ?5n?$DN?$CFd?$AN?6?$AA@ 100308e0     AVI.obj
 0003:00000908       ??_C@_05DFAKDPOA@pThis?$AA@ 10030908     AVI.obj
 0003:00000910       ??_C@_03LJGCHEIJ@avi?$AA@  10030910     AVI.obj
 0003:00000914       ??_C@_0CG@NMPAKPGE@CAVIThread?3?3WaitForNextFrame?5FAI@ 10030914     AVI.obj
 0003:00000944       ??_C@_0CE@INEOLDGH@GetCurrentThreadId?$CI?$CJ?5?$CB?$DN?5m_nThrea@ 10030944     AVI.obj
 0003:00000970       ??_C@_01GBGANLPD@0?$AA@    10030970     AVI.obj
 0003:00000974       ??_C@_0CG@MEMFCOKB@g_AVIFile?4m_FrameForm?4get_SizeBy@ 10030974     AVI.obj
 0003:000009a4       ??_C@_0BL@NBKFNCJD@pFrame?9?$DOm_dwFrameDups?5?$DN?$DN?50?$AA@ 100309a4     AVI.obj
 0003:000009c4       ??_C@_0CH@KHJJJAHM@m_iFrameCount?4m_lValue?5?$DM?5AVI_FRA@ 100309c4     AVI.obj
 0003:000009f4       ??_C@_0CI@KMHHELGF@pFrame?5?$DN?$DN?5?$CGm_aFrames?$FL?5m_iFrameFr@ 100309f4     AVI.obj
 0003:00000a24       ??_C@_0O@JEOAHOFK@dwFrameDups?$DO0?$AA@ 10030a24     AVI.obj
 0003:00000a34       ??_C@_0BD@OHFLFDHD@g_AVIFile?4IsOpen?$CI?$CJ?$AA@ 10030a34     AVI.obj
 0003:00000a4c       ??_C@_0DJ@FOOEBPIP@dwBufferSize?5?$DO?$DN?5AUDIO_FRAME_QTY?5@ 10030a4c     AVI.obj
 0003:00000a90       ??_C@_07MCNOEKLP@pThread?$AA@ 10030a90     AVI.obj
 0003:00000a9c       ??_C@_0BK@NMBFJDIH@m_AudioInput?4get_Handle?$CI?$CJ?$AA@ 10030a9c     AVI.obj
 0003:00000abc       ??_C@_0BF@IBNHJMEJ@hRes?5?$DN?$DN?5WAIT_TIMEOUT?$AA@ 10030abc     AVI.obj
 0003:00000ad8       ??_C@_0CF@KJGGNDP@CAVIThread?3?3StopAVIThread?5TIMEOU@ 10030ad8     AVI.obj
 0003:00000b04       ??_C@_0BM@LIKJGNJM@CAVIThread?3?3StopAVIThread?$AN?6?$AA@ 10030b04     AVI.obj
 0003:00000b28       ??_C@_0CP@KEOFCCHD@CAVIThread?3?5FAILED?5to?5create?5new@ 10030b28     AVI.obj
 0003:00000b60       ??_C@_0BN@BFGMPNEF@CAVIThread?3?3StartAVIThread?$AN?6?$AA@ 10030b60     AVI.obj
 0003:00000b84       ??_C@_0BA@DGMEDMJF@IsValidHandle?$CI?$CJ?$AA@ 10030b84     AVI.obj
 0003:00000b98       ??_C@_0HB@BHLDDLPI@c?3?2users?2changxl?2documents?2visua@ 10030b98     AVI.obj
 0003:00000c20       ??_C@_07NOCIGAPP@Pattern?$AA@ 10030c20     config.obj
 0003:00000c2c       ??_C@_0M@HHDHNCOM@FrameWeight?$AA@ 10030c2c     config.obj
 0003:00000c3c       ??_C@_09HFKGELHH@FrameRate?$AA@ 10030c3c     config.obj
 0003:00000c48       ??_C@_0BI@EOAAJJFH@UseOverheadCompensation?$AA@ 10030c48     config.obj
 0003:00000c64       ??_C@_0BF@NBEJFBBK@VKey_SmallScreenshot?$AA@ 10030c64     config.obj
 0003:00000c80       ??_C@_0BA@NJOJKDFC@VKey_Screenshot?$AA@ 10030c80     config.obj
 0003:00000c94       ??_C@_0BA@IDICMFCO@VKey_RecordStop?$AA@ 10030c94     config.obj
 0003:00000ca8       ??_C@_0BB@NHKJHDBG@VKey_RecordPause?$AA@ 10030ca8     config.obj
 0003:00000cbc       ??_C@_0BB@GEGCBGDP@VKey_RecordBegin?$AA@ 10030cbc     config.obj
 0003:00000cd0       ??_C@_0BF@POOJMJJI@VKey_IndicatorToggle?$AA@ 10030cd0     config.obj
 0003:00000cec       ??_C@_0BE@PHBIEOJH@VKey_HookModeToggle?$AA@ 10030cec     config.obj
 0003:00000d04       ??_C@_0BA@FDBFPNH@VKey_ConfigOpen?$AA@ 10030d04     config.obj
 0003:00000d18       ??_C@_0O@MBBBFAEP@VideoHalfSize?$AA@ 10030d18     config.obj
 0003:00000d28       ??_C@_0O@FACDDJIL@VideoCodecMsg?$AA@ 10030d28     config.obj
 0003:00000d38       ??_C@_0P@MOGOENEM@VideoCodecInfo?$AA@ 10030d38     config.obj
 0003:00000d4c       ??_C@_0O@IAGNIHME@ShowIndicator?$AA@ 10030d4c     config.obj
 0003:00000d5c       ??_C@_0BB@HEGNKHGH@PosMasterTopMost?$AA@ 10030d5c     config.obj
 0003:00000d70       ??_C@_0BA@KCKLNHF@PosMasterWindow?$AA@ 10030d70     config.obj
 0003:00000d84       ??_C@_0BF@OICFGMGO@MovieFrameRateTarget?$AA@ 10030d84     config.obj
 0003:00000da0       ??_C@_0BH@DPEACDE@KeyboardUseDirectInput?$AA@ 10030da0     config.obj
 0003:00000dbc       ??_C@_0P@GHEFOGOB@ImageFormatExt?$AA@ 10030dbc     config.obj
 0003:00000dd0       ??_C@_09FPKJNILP@GDICursor?$AA@ 10030dd0     config.obj
 0003:00000ddc       ??_C@_08FOENHEAL@GDIFrame?$AA@ 10030ddc     config.obj
 0003:00000de8       ??_C@_0L@BBIPAELP@GDIDesktop?$AA@ 10030de8     config.obj
 0003:00000df8       ??_C@_0BA@ICGHDFGI@FileNamePostfix?$AA@ 10030df8     config.obj
 0003:00000e0c       ??_C@_06CFHELCOE@UseOGL?$AA@ 10030e0c     config.obj
 0003:00000e14       ??_C@_06JPPBNABH@UseGDI?$AA@ 10030e14     config.obj
 0003:00000e1c       ??_C@_06LHEHFMBL@UseDX9?$AA@ 10030e1c     config.obj
 0003:00000e24       ??_C@_08NGKCOLJO@DebugLog?$AA@ 10030e24     config.obj
 0003:00000e30       ??_C@_0L@NKFPINMG@CaptureDir?$AA@ 10030e30     config.obj
 0003:00000e40       ??_C@_0M@LEEJFKC@AudioDevice?$AA@ 10030e40     config.obj
 0003:00000e50       ??_C@_0M@BHPPGBAE@AudioFormat?$AA@ 10030e50     config.obj
 0003:00000e60       ??_C@_04HDOCAJNK@?$CFs?$CFs?$AA@ 10030e60     config.obj
 0003:00000e68       ??_C@_0GN@ECMBPFGO@c?3?2users?2changxl?2documents?2visua@ 10030e68     config.obj
 0003:00000eec       ??_C@_0CK@BMNNHFCD@CTaksiConfigCustom?3?3PropGet?5bad?5@ 10030eec     config.obj
 0003:00000f20       ??_C@_02BEIEFPIG@?$CFg?$AA@ 10030f20     config.obj
 0003:00000f24       ??_C@_04OEDFLLKD@?$CC?$CFs?$CC?$AA@ 10030f24     config.obj
 0003:00000f2c       ??_C@_0CK@DJNGPODN@CTaksiConfigCustom?3?3PropSet?5bad?5@ 10030f2c     config.obj
 0003:00000f60       ??_C@_0BL@BKOJABJH@CTaksiConfig?3?3InitConfig?$AN?6?$AA@ 10030f60     config.obj
 0003:00000f80       ??_C@_03NNHBJLDF@png?$AA@  10030f80     config.obj
 0003:00000f84       __real@41200000            10030f84     config.obj
 0003:00000f88       ??_C@_0CA@HFCNAMAO@CTaksiConfig?3?3CopyConfig?5?8?$CFs?8?$AN?6?$AA@ 10030f88     config.obj
 0003:00000fb0       ??_C@_01KICIPPFI@?2?$AA@   10030fb0     config.obj
 0003:00000fb8       ??_7CTaksiConfig@@6B@      10030fb8     config.obj
 0003:00000fcc       ??_C@_0CE@MBMMKOJF@CTaksiConfig?3?3PropGet?5bad?5code?5?$CF@ 10030fcc     config.obj
 0003:00000ff8       ??_C@_05KABNCBHK@?$CFd?0?$CFd?$AA@ 10030ff8     config.obj
 0003:00001000       ??_C@_02DPKJAMEF@?$CFd?$AA@ 10031000     config.obj
 0003:00001004       ??_C@_01HIHLOKLC@1?$AA@    10031004     config.obj
 0003:00001008       ??_C@_0CE@OEMHCFIL@CTaksiConfig?3?3PropSet?5bad?5code?5?$CF@ 10031008     config.obj
 0003:00001034       ??_C@_0CF@DOEMELGB@iKey?5?$DO?$DN?50?5?$CG?$CG?5iKey?5?$DM?5TAKSI_HOTKEY@ 10031034     config.obj
 0003:00001060       ??_C@_0BC@GEGADFAO@INI?5Bad?5Prop?5?$CFs?$AN?6?$AA@ 10031060     config.obj
 0003:00001078       ??_C@_01NEMOKFLO@?$DN?$AA@ 10031078     config.obj
 0003:0000107c       ??_C@_0BF@JMNNJIGB@INI?5Bad?5Section?5?$CFs?$AN?6?$AA@ 1003107c     config.obj
 0003:00001098       ??_C@_0P@PGNDNKHM@?$FLTAKSI_CUSTOM?5?$AA@ 10031098     config.obj
 0003:000010ac       ??_C@_07HMKIHCJ@?$FLTAKSI?$FN?$AA@ 100310ac     config.obj
 0003:000010b8       ??_C@_01ICJEACDI@?$DL?$AA@ 100310b8     config.obj
 0003:000010bc       ??_C@_0BI@IPMOEME@Reading?5INI?5file?5?8?$CFs?8?$AN?6?$AA@ 100310bc     config.obj
 0003:000010d8       ??_C@_02BMJICGCB@rt?$AA@   100310d8     config.obj
 0003:000010dc       ??_C@_09BJJMBAGN@taksi?4ini?$AA@ 100310dc     config.obj
 0003:000010e8       ??_C@_0BD@LBBMJEFI@?$FLTAKSI_CUSTOM?5?$CFs?$FN?6?$AA@ 100310e8     config.obj
 0003:00001100       ??_C@_08LIFKLKGB@?$FLTAKSI?$FN?6?$AA@ 10031100     config.obj
 0003:0000110c       ??_C@_03OFAPEBGM@?$CFs?6?$AA@ 1003110c     config.obj
 0003:00001110       ??_C@_02BKFDOEMK@wt?$AA@   10031110     config.obj
 0003:00001118       ??_7CTaksiConfigCustom@@6B@ 10031118     config.obj
 0003:0000112c       ?sm_IndColors@CTaksiGAPIBase@@2QBKB 1003112c     GAPI_Base.obj
 0003:00001144       ??_C@_0CP@OGLCNEPI@CTaksiGAPIBase?3?3MakeScreenShot?5G@ 10031144     GAPI_Base.obj
 0003:0000117c       ??_C@_0DM@OGJLNMBL@CTaksiGAPIBase?3?3MakeScreenShot?5G@ 1003117c     GAPI_Base.obj
 0003:000011c8       ??_C@_0EC@LLOFAFGO@CTaksiGAPIBase?3?3MakeScreenShot?5G@ 100311c8     GAPI_Base.obj
 0003:0000121c       ??_7Bitmap@Gdiplus@@6B@    1003121c     GAPI_Base.obj
 0003:0000122c       ??_7Image@Gdiplus@@6B@     1003122c     GAPI_Base.obj
 0003:00001238       ??_C@_0BL@DIMNIENA@MakeScreenShot?$CI?$CFd?$CJ?5?8?$CFs?8?5OK?$AA@ 10031238     GAPI_Base.obj
 0003:00001258       ??_C@_0CO@IGLDAGDC@MakeScreenShot?$CI?$CFd?$CJ?5SaveAsBMP?5?8?$CFs@ 10031258     GAPI_Base.obj
 0003:00001290       ??_C@_03CAKEDOOO@bmp?$AA@  10031290     GAPI_Base.obj
 0003:00001294       ??_C@_0CM@FEFELALG@MakeScreenShot?3?5unable?5to?5get?5RG@ 10031294     GAPI_Base.obj
 0003:000012c8       ??_C@_0CC@ICOPJOMJ@CTaksiGAPIBase?3?3RecordAVI_Reset?$AN@ 100312c8     GAPI_Base.obj
 0003:000012f0       ??_C@_0BD@GMPKMPPK@AVI?5record?5started?$AA@ 100312f0     GAPI_Base.obj
 0003:00001308       ??_C@_0CE@JBGPFKBN@Cant?5create?5AVI?5thread?4?5Error?$DN0x@ 10031308     GAPI_Base.obj
 0003:00001334       ??_C@_0CF@DHCLFECM@RecordAVI_Start?5Recording?5starte@ 10031334     GAPI_Base.obj
 0003:00001360       ??_C@_0HA@GMAGBIEP@c?3?2users?2changxl?2documents?2visua@ 10031360     GAPI_Base.obj
 0003:000013e8       ??_C@_0CA@NMOKAKCP@Cant?5open?5AVI?5file?4?5Error?$DN0x?$CFx?4?$AA@ 100313e8     GAPI_Base.obj
 0003:00001410       ??_C@_0DC@NKBBFPLL@g_AVIFile?4OpenAVIFile?5device?1cod@ 10031410     GAPI_Base.obj
 0003:0000144c       ??_C@_0CK@JHBBCLDN@Cant?5open?5Audio?5device?1codec?4?5Er@ 1003144c     GAPI_Base.obj
 0003:00001480       ??_C@_0CF@HEBGLKKA@g_AVIFile?4OpenAVIFile?5FAILED?50x?$CF@ 10031480     GAPI_Base.obj
 0003:000014ac       ??_C@_0DO@EIIHBAKD@Cant?5open?5AVI?5codec?4?5Error?$DN0x?$CFx?4@ 100314ac     GAPI_Base.obj
 0003:000014f8       ??_C@_0BN@JDOGBOBP@Video?5Window?5Size?5TOO?5SMALL?4?$AA@ 100314f8     GAPI_Base.obj
 0003:0000151c       ??_C@_0CI@BNJPDKF@CTaksiGAPIBase?3?3RecordAVI_Start?5@ 1003151c     GAPI_Base.obj
 0003:0000154c       ??_C@_0CC@BDDCOBCP@CTaksiGAPIBase?3?3RecordAVI_Start?$AN@ 1003154c     GAPI_Base.obj
 0003:00001574       ??_C@_0BM@JGPNNIJH@AVI?5file?5recorded?4?5Stopped?4?$AA@ 10031574     GAPI_Base.obj
 0003:00001598       ??_C@_0CB@LPPECDPE@CTaksiGAPIBase?3?3RecordAVI_Stop?$AN?6@ 10031598     GAPI_Base.obj
 0003:000015c0       ??_C@_0CL@GAACADE@CTaksiGAPIBase?3?3RecordAVI_Frame?$CI@ 100315c0     GAPI_Base.obj
 0003:000015f4       ??_C@_0BN@GODOMABL@DrawIndicator?5FAILED?50x?$CFx?$CB?$AN?6?$AA@ 100315f4     GAPI_Base.obj
 0003:00001618       ??_C@_0CJ@NOEBOCOE@PresentFrameBegin?4GetFrameInfo?5F@ 10031618     GAPI_Base.obj
 0003:0000164c       ??_C@_0CK@NMJKFFLL@GAPIBase?4PresentFrameBegin?4GetFr@ 1003164c     GAPI_Base.obj
 0003:00001680       ??_C@_0CN@OKPIIBNN@PresentFrameBegin?3?5New?5Prime?5Foc@ 10031680     GAPI_Base.obj
 0003:000016b8       ??_C@_0BD@ODKMFICM@m_bHookedFunctions?$AA@ 100316b8     GAPI_Base.obj
 0003:000016d0       ??_C@_0DA@JNGMKPFH@PresentFrameEnd?3m_dwConfigChange@ 100316d0     GAPI_Base.obj
 0003:0000170c       ??_C@_0BN@DCOJPKPC@PresentFrameEnd?3StopGAPIs?4?$AN?6?$AA@ 1003170c     GAPI_Base.obj
 0003:00001730       ??_C@_0BC@MDOMPBBP@AttachGAPI?5?8?$CFs?8?$AN?6?$AA@ 10031730     GAPI_Base.obj
 0003:00001748       ??_C@_0N@PGIALKPL@IsValidDll?$CI?$CJ?$AA@ 10031748     GAPI_Base.obj
 0003:00001758       ??_C@_0BF@FMJIKDDP@AttachGAPI?5NO?5?8?$CFs?8?$AN?6?$AA@ 10031758     GAPI_Base.obj
 0003:000017f0       __real@3f800000            100317f0     GAPI_dx9.obj
 0003:000017f4       ??_C@_0BO@GIGAKNNI@CreateVB?$CI?$CFd?$CJ?5FAILED?4?5?$CI0x?$CFx?$CJ?$AN?6?$AA@ 100317f4     GAPI_dx9.obj
 0003:00001818       ??_C@_0BD@BDFBPIKD@CreateVB?$CI?$CJ?5done?4?$AN?6?$AA@ 10031818     GAPI_dx9.obj
 0003:00001830       ??_C@_0BM@KDNGOEGC@CreateVB?$CI?$CJ?5FAILED?4?5?$CI0x?$CFx?$CJ?$AN?6?$AA@ 10031830     GAPI_dx9.obj
 0003:00001854       ??_C@_0BN@OJLKGFPM@s_pVB?9?$DOLock?$CI?$CJ?5FAILED?4?50x?$CFx?$AN?6?$AA@ 10031854     GAPI_dx9.obj
 0003:00001878       ??_C@_0CE@NJPGDODH@CreateVertexBuffer?$CI?$CJ?5FAILED?4?50x?$CF@ 10031878     GAPI_dx9.obj
 0003:000018a4       ??_C@_07LMFHDJPI@pDevice?$AA@ 100318a4     GAPI_dx9.obj
 0003:000018b0       ??_C@_0GP@JCFPNOGJ@c?3?2users?2changxl?2documents?2visua@ 100318b0     GAPI_dx9.obj
 0003:00001938       ??_C@_0DA@CNBEPOPL@CTaksiGAPI_DX9?3InvalidateDeviceO@ 10031938     GAPI_dx9.obj
 0003:00001974       ??_C@_0DC@HMDEOEBP@CTaksiGAPI_DX9?3InvalidateDeviceO@ 10031974     GAPI_dx9.obj
 0003:000019b0       ??_C@_0DO@IKELEIMC@DX9?3GetFrameInfo?3m_pDevice?9?$DOGetC@ 100319b0     GAPI_dx9.obj
 0003:000019fc       ??_C@_0DG@ILEBGMKA@DX9?3GetFrameInfo?3m_pDevice?9?$DOGetB@ 100319fc     GAPI_dx9.obj
 0003:00001a3c       ??_C@_0DD@NDOKFKMI@GetFramePrep?3?5FAILED?5to?5lock?5sou@ 10031a3c     GAPI_dx9.obj
 0003:00001a80       ??_C@_0EG@HNFNDHNP@GetFramePrep?3?5GetRenderTargetDat@ 10031a80     GAPI_dx9.obj
 0003:00001ad4       ??_C@_0DF@FOIIBLMC@GetFramePrep?3?5FAILED?5to?5create?5i@ 10031ad4     GAPI_dx9.obj
 0003:00001b14       ??_C@_0CP@FMALNONC@GetFramePrep?3?5FAILED?5to?5get?5back@ 10031b14     GAPI_dx9.obj
 0003:00001b4c       ??_C@_0DH@ONLEFLLA@GetFrameFullSize?3?5surface?5format@ 10031b4c     GAPI_dx9.obj
 0003:00001b90       ??_C@_0EH@GLFPODAD@GetFrameFullSize?3?5source?5format?5@ 10031b90     GAPI_dx9.obj
 0003:00001be8       ??_C@_0DC@HFNBJMPP@GetFrameFullSize?3?5source?5format?5@ 10031be8     GAPI_dx9.obj
 0003:00001c24       ??_C@_0DE@DLOFNMPO@GetFrameFullSize?3?5source?5format?5@ 10031c24     GAPI_dx9.obj
 0003:00001c64       ??_C@_0DC@CGLEDAID@GetFrameFullSize?3?5source?5format?5@ 10031c64     GAPI_dx9.obj
 0003:00001ca0       ??_C@_07PODJEHHO@pSrcRow?$AA@ 10031ca0     GAPI_dx9.obj
 0003:00001cac       ??_C@_0BA@ECFBMDNO@frame?4m_pPixels?$AA@ 10031cac     GAPI_dx9.obj
 0003:00001cc0       ??_C@_09LFDHLLMD@iSrcPitch?$AA@ 10031cc0     GAPI_dx9.obj
 0003:00001ccc       ??_C@_0BP@JOOPGBO@RestoreDeviceObjects?$CI?$CJ?5done?4?$AN?6?$AA@ 10031ccc     GAPI_dx9.obj
 0003:00001cf4       ??_C@_0CG@DDJEBHF@RestoreDeviceObjects?$CI?$CJ?5FAILED?50x@ 10031cf4     GAPI_dx9.obj
 0003:00001d24       ??_C@_0CN@PPNAJLMG@eIndicate?5?$DO?$DN?50?5?$CG?$CG?5eIndicate?5?$DM?5CO@ 10031d24     GAPI_dx9.obj
 0003:00001d5c       ??_C@_09LDANIPIA@m_pDevice?$AA@ 10031d5c     GAPI_dx9.obj
 0003:00001d68       ??_C@_0CH@LPHPABJH@DX9_Release?3?5UNHOOK?5m_iRefCount?5@ 10031d68     GAPI_dx9.obj
 0003:00001d98       ??_C@_0CL@MFGLEEDE@DX9_Release?3?5about?5to?5call?5real?5@ 10031d98     GAPI_dx9.obj
 0003:00001dcc       ??_C@_0CA@JCMGKIMC@DX9_Release?3?5VTABLE?$FL2?$FN?5?$DN?5?$CF08x?$AN?6?$AA@ 10031dcc     GAPI_dx9.obj
 0003:00001df4       ??_C@_0CA@OFFIHKDC@DX9_Release?3?5VTABLE?$FL1?$FN?5?$DN?5?$CF08x?$AN?6?$AA@ 10031df4     GAPI_dx9.obj
 0003:00001e1c       ??_C@_0CA@HOPNDGFN@DX9_Release?3?5VTABLE?$FL0?$FN?5?$DN?5?$CF08x?$AN?6?$AA@ 10031e1c     GAPI_dx9.obj
 0003:00001e44       ??_C@_0BO@HECACNNM@DX9_Release?3?5pDevice?5?$DN?5?$CF08x?$AN?6?$AA@ 10031e44     GAPI_dx9.obj
 0003:00001e68       ??_C@_0BH@CLOCJINB@DX9_Release?3?5called?4?$AN?6?$AA@ 10031e68     GAPI_dx9.obj
 0003:00001e84       ??_C@_0CI@BNDCBIMA@?$CL?$CL?$CL?$CL?$CL?$CL?$CL?$CL?$CL?$CL?$CL?$CL?$CL?$CL?$CL?$CL?$CL?$CL?$CL?$CL?$CL?$CL?$CL?$CL?$CL?$CL?$CL?$CL?$CL?$CL?$CL?$CL@ 10031e84     GAPI_dx9.obj
 0003:00001eb4       ??_C@_0BD@MOMDHMDC@DX9_Reset?3?5done?4?$AN?6?$AA@ 10031eb4     GAPI_dx9.obj
 0003:00001ecc       ??_C@_0BF@GFLKIJMD@DX9_Reset?3?5called?4?$AN?6?$AA@ 10031ecc     GAPI_dx9.obj
 0003:00001ee8       ??_C@_0DB@MLMHGLIE@DX9_HooksVerify?3?5pDevice?9?$DOReleas@ 10031ee8     GAPI_dx9.obj
 0003:00001f24       ??_C@_0DA@GAFMMCBA@DX9_HooksVerify?3?5pDevice?9?$DOAddRef@ 10031f24     GAPI_dx9.obj
 0003:00001f60       ??_C@_07INKNOLLJ@pVTable?$AA@ 10031f60     GAPI_dx9.obj
 0003:00001f6c       ??_C@_0BF@PFHJDBJP@DX9_Present?3?5done?4?$AN?6?$AA@ 10031f6c     GAPI_dx9.obj
 0003:00001f88       ??_C@_0BH@HGHOENPA@DX9_Present?3?5called?4?$AN?6?$AA@ 10031f88     GAPI_dx9.obj
 0003:00001fa4       ??_C@_0CD@OMECFFBM@?9?9?9?9?9?9?9?9?9?9?9?9?9?9?9?9?9?9?9?9?9?9?9?9?9?9?9?9?9?9?9?9@ 10031fa4     GAPI_dx9.obj
 0003:00001fd0       ??_C@_0BK@MDDFPKJ@?$CKm_Hook_Release?5?5?$DN?5?$CF08x?$AN?6?$AA@ 10031fd0     GAPI_dx9.obj
 0003:00001ff0       ??_C@_0BJ@HALAFOEK@?$CKm_Hook_AddRef?5?5?$DN?5?$CF08x?$AN?6?$AA@ 10031ff0     GAPI_dx9.obj
 0003:00002010       ??_C@_0BH@FMCKNBCK@DX9_SCPresent?3?5done?4?$AN?6?$AA@ 10032010     GAPI_dx9.obj
 0003:0000202c       ??_C@_0CA@FDHCOGJP@DX9_SCPresent?3?5called?5?$CI?$CF08x?$CJ?4?$AN?6?$AA@ 1003202c     GAPI_dx9.obj
 0003:00002058       ??_7CTaksiGAPI_DX9@@6B@    10032058     GAPI_dx9.obj
 0003:00002084       ??_7CTaksiGAPIBase@@6B@    10032084     GAPI_dx9.obj
 0003:000020ac       ??_C@_0CG@PLLGEMCO@CTaksiGAPIBase?3?3HookFunctions?5do@ 100320ac     GAPI_dx9.obj
 0003:000020e0       ??_C@_0GO@DOFDPMIH@c?3?2users?2changxl?2documents?2visua@ 100320e0     GAPI_dx9.obj
 0003:00002164       ??_C@_0CC@BCGANDND@CTaksiGAPIBase?3?3UnhookFunctions?$AN@ 10032164     GAPI_dx9.obj
 0003:0000218c       ??_C@_08NIHLGCK@d3d9?4dll?$AA@ 1003218c     GAPI_dx9.obj
 0003:00002198       ??_C@_0FJ@PADEHPHF@CTaksiGAPI_DX9?3?3HookFunctions?3?5F@ 10032198     GAPI_dx9.obj
 0003:00002208       ??_C@_0FG@BHKGACIB@CTaksiGAPI_DX9?3?3HookFunctions?3?5F@ 10032208     GAPI_dx9.obj
 0003:00002270       ??_C@_0DK@OPKIIPFC@CTaksiGAPI_DX9?3?3HookFunctions?3?5c@ 10032270     GAPI_dx9.obj
 0003:000022b8       ??_C@_0EG@CDNMLMDC@CTaksiGAPI_DX9?3?3HookFunctions?3?5N@ 100322b8     GAPI_dx9.obj
 0003:0000230c       ??_C@_0CB@FKILCGC@CTaksiGAPI_DX9?3?3FreeDll?3?5done?4?$AN?6@ 1003230c     GAPI_dx9.obj
 0003:00002334       ??_C@_1BK@BGPFFOMH@?$AAm?$AA_?$AAp?$AAO?$AAb?$AAj?$AA?$DN?$AA?$DN?$AAN?$AAU?$AAL?$AAL?$AA?$AA@ 10032334     GAPI_dx9.obj
 0003:00002358       ??_C@_1NO@MJJCCBOF@?$AAc?$AA?3?$AA?2?$AAu?$AAs?$AAe?$AAr?$AAs?$AA?2?$AAc?$AAh?$AAa?$AAn?$AAg?$AAx?$AAl?$AA?2?$AAd?$AAo?$AAc?$AAu?$AAm?$AAe?$AAn?$AAt?$AAs?$AA?2?$AAv?$AAi?$AAs?$AAu?$AAa@ 10032358     GAPI_dx9.obj
 0003:00002464       ??_C@_1O@EMNPFANI@?$AAm?$AA_?$AAp?$AAO?$AAb?$AAj?$AA?$AA@ 10032464     GAPI_dx9.obj
 0003:00002474       ??_C@_0BK@HIALBHCL@GetDIBits?5FAILED?5?$CI0x?$CFx?$CJ?$AN?6?$AA@ 10032474     GAPI_gdi.obj
 0003:00002494       ??_C@_0BF@CHGAFPCH@Bitmap?4get_HBitmap?$CI?$CJ?$AA@ 10032494     GAPI_gdi.obj
 0003:000024b0       ??_C@_0BN@LOMOACDL@?$CB?5g_Proc?4m_bIsProcessDesktop?$AA@ 100324b0     GAPI_gdi.obj
 0003:000024d8       ??_C@_0GP@LACACHMH@c?3?2users?2changxl?2documents?2visua@ 100324d8     GAPI_gdi.obj
 0003:00002560       ??_C@_0CG@FNPGIJNC@CTaksiGAPI_GDI?3?3WM_TIMER?5reentra@ 10032560     GAPI_gdi.obj
 0003:00002590       ??_C@_0CB@NPMJJMGB@CTaksiGAPI_GDI?3?3WM_DESTROY?50?$CFx?$AN?6@ 10032590     GAPI_gdi.obj
 0003:000025b8       ??_C@_0N@JAPCBKJB@g_GDI?4m_hWnd?$AA@ 100325b8     GAPI_gdi.obj
 0003:000025c8       ??_C@_0BD@EJCHEILE@g_GDI?4m_WndProcOld?$AA@ 100325c8     GAPI_gdi.obj
 0003:000025e0       ??_C@_0CO@LKAEJLGD@CTaksiGAPI_GDI?3?3HookFunctions?5Se@ 100325e0     GAPI_gdi.obj
 0003:00002618       __real@408f400000000000    10032618     GAPI_gdi.obj
 0003:00002628       ??_C@_0EC@JGFHMKBE@GetWindowLongPtr?$CI?5m_hWnd?0?5GWL_WN@ 10032628     GAPI_gdi.obj
 0003:00002678       ??_C@_0DG@IKEIGKDI@CTaksiGAPI_GDI?3?3HookFunctions?5Ge@ 10032678     GAPI_gdi.obj
 0003:000026b8       ??_C@_0BF@JFGGJPLB@m_WndProcOld?5?$DN?$DN?5NULL?$AA@ 100326b8     GAPI_gdi.obj
 0003:000026d4       ??_C@_0DC@DGDAAEAC@CTaksiGAPI_GDI?3?3HookFunctions?5Ge@ 100326d4     GAPI_gdi.obj
 0003:00002710       ??_C@_0DB@OGAEKEOH@CTaksiGAPI_GDI?3?3UnhookFunctions?5@ 10032710     GAPI_gdi.obj
 0003:0000274c       ??_C@_0CG@DLNNKGJL@_WndProcCur?5?$DN?$DN?5?$CILONG_PTR?$CJ?5WndPro@ 1003274c     GAPI_gdi.obj
 0003:0000277c       ??_C@_0BE@MBFKEFMJ@_WndProcCur?5?$CB?$DN?5NULL?$AA@ 1003277c     GAPI_gdi.obj
 0003:00002794       ??_C@_0BF@LOHCLLNF@m_WndProcOld?5?$CB?$DN?5NULL?$AA@ 10032794     GAPI_gdi.obj
 0003:000027b4       ??_7CTaksiGAPI_GDI@@6B@    100327b4     GAPI_gdi.obj
 0003:000027dc       ??_C@_0L@GMPLCCII@user32?4dll?$AA@ 100327dc     GAPI_gdi.obj
 0003:0000288c       __real@3e851eb8            1003288c     GAPI_ogl.obj
 0003:00002890       __real@3f07ae14            10032890     GAPI_ogl.obj
 0003:00002898       __real@4040000000000000    10032898     GAPI_ogl.obj
 0003:000028a8       __real@bff0000000000000    100328a8     GAPI_ogl.obj
 0003:000028b8       __real@3ff0000000000000    100328b8     GAPI_ogl.obj
 0003:000028c4       ??_C@_0CH@DEJJJHKC@OpenGL?5Multi?5texturing?5not?5suppo@ 100328c4     GAPI_ogl.obj
 0003:000028f4       ??_C@_0CD@DOPMOGCP@OpenGL?5Maximum?5texture?5units?3?5?$CFd@ 100328f4     GAPI_ogl.obj
 0003:00002920       ??_C@_0BO@EDKJHAGG@s_glActiveTextureARB?5?$DN?5?$CF08x?$AN?6?$AA@ 10032920     GAPI_ogl.obj
 0003:00002944       ??_C@_0BD@IKCKKKNH@glActiveTextureARB?$AA@ 10032944     GAPI_ogl.obj
 0003:0000295c       ??_C@_0BE@MEMOPMEA@GL_ARB_multitexture?$AA@ 1003295c     GAPI_ogl.obj
 0003:00002974       ??_C@_0BI@BAAFFJFP@OpenGL?5Extensions?3?5?$CFs?$AN?6?$AA@ 10032974     GAPI_ogl.obj
 0003:00002990       ??_C@_0BF@JPKOFGJD@OpenGL?5Version?3?5?$CFs?$AN?6?$AA@ 10032990     GAPI_ogl.obj
 0003:000029b0       ??_C@_0GP@COALHFM@c?3?2users?2changxl?2documents?2visua@ 100329b0     GAPI_ogl.obj
 0003:00002a38       ??_C@_0BP@HPBKGGGA@SwapColorComponents?3?5CALLED?4?$AN?6?$AA@ 10032a38     GAPI_ogl.obj
 0003:00002a60       ??_C@_0BO@CIFEOEPP@OGL_WglSwapBuffers?3?5called?4?$AN?6?$AA@ 10032a60     GAPI_ogl.obj
 0003:00002a84       ??_C@_0CA@ICLOPDI@OGL_WglDeleteContext?3?5called?4?$AN?6?$AA@ 10032a84     GAPI_ogl.obj
 0003:00002aac       ??_C@_0DJ@OLKGMKKK@CTaksiGAPI_OGL?3?3HookFunctions?3?5c@ 10032aac     GAPI_ogl.obj
 0003:00002af0       ??_C@_0L@KBLIPDFH@glViewport?$AA@ 10032af0     GAPI_ogl.obj
 0003:00002b00       ??_C@_0L@DIMCKAPO@glVertex2i?$AA@ 10032b00     GAPI_ogl.obj
 0003:00002b10       ??_C@_0N@NALMFHKN@glShadeModel?$AA@ 10032b10     GAPI_ogl.obj
 0003:00002b20       ??_C@_0N@CKFNNHOO@glReadPixels?$AA@ 10032b20     GAPI_ogl.obj
 0003:00002b30       ??_C@_0N@HFKHBECK@glReadBuffer?$AA@ 10032b30     GAPI_ogl.obj
 0003:00002b40       ??_C@_0N@IHFNHGBL@glPushMatrix?$AA@ 10032b40     GAPI_ogl.obj
 0003:00002b50       ??_C@_0N@KDMLHFJM@glPushAttrib?$AA@ 10032b50     GAPI_ogl.obj
 0003:00002b60       ??_C@_0M@JPEAAEEK@glPopMatrix?$AA@ 10032b60     GAPI_ogl.obj
 0003:00002b70       ??_C@_0M@LLNGAHMN@glPopAttrib?$AA@ 10032b70     GAPI_ogl.obj
 0003:00002b80       ??_C@_07DBAFHOII@glOrtho?$AA@ 10032b80     GAPI_ogl.obj
 0003:00002b8c       ??_C@_0N@KDLNHKEJ@glMatrixMode?$AA@ 10032b8c     GAPI_ogl.obj
 0003:00002b9c       ??_C@_0P@EJAFHEPO@glLoadIdentity?$AA@ 10032b9c     GAPI_ogl.obj
 0003:00002bb0       ??_C@_0M@OPOBFDCB@glGetString?$AA@ 10032bb0     GAPI_ogl.obj
 0003:00002bc0       ??_C@_0O@DHHDCCLF@glGetIntegerv?$AA@ 10032bc0     GAPI_ogl.obj
 0003:00002bd0       ??_C@_05OIBMBLHE@glEnd?$AA@ 10032bd0     GAPI_ogl.obj
 0003:00002bd8       ??_C@_08OOEHEKOP@glEnable?$AA@ 10032bd8     GAPI_ogl.obj
 0003:00002be4       ??_C@_09PPBNNDHA@glColor3f?$AA@ 10032be4     GAPI_ogl.obj
 0003:00002bf0       ??_C@_09MHGMIMKN@glDisable?$AA@ 10032bf0     GAPI_ogl.obj
 0003:00002bfc       ??_C@_07FCOIFMD@glBegin?$AA@ 10032bfc     GAPI_ogl.obj
 0003:00002c08       ??_C@_0BB@OGAIJNNO@wglDeleteContext?$AA@ 10032c08     GAPI_ogl.obj
 0003:00002c1c       ??_C@_0BC@FFKMKEGM@wglGetProcAddress?$AA@ 10032c1c     GAPI_ogl.obj
 0003:00002c34       ??_C@_0BA@BMKCDCKD@wglGetCurrentDC?$AA@ 10032c34     GAPI_ogl.obj
 0003:00002c48       ??_C@_0DE@JPNKFLFL@CTaksiGAPI_OGL?3?3HookFunctions?5Ge@ 10032c48     GAPI_ogl.obj
 0003:00002c88       ??_C@_0P@NIPKMJHJ@wglSwapBuffers?$AA@ 10032c88     GAPI_ogl.obj
 0003:00002c9c       ??_C@_0DE@DDAKHJAL@CTaksiGAPI_OGL?3?3HookFunctions?3?5h@ 10032c9c     GAPI_ogl.obj
 0003:00002cdc       ??_C@_0CB@GGCKCPMH@CTaksiGAPI_OGL?3?3FreeDll?3?5done?4?$AN?6@ 10032cdc     GAPI_ogl.obj
 0003:00002d08       ??_7CTaksiGAPI_OGL@@6B@    10032d08     GAPI_ogl.obj
 0003:00002d30       ??_C@_0N@DOKAJOHF@opengl32?4dll?$AA@ 10032d30     GAPI_ogl.obj
 0003:00002d48       ??_C@_0BK@ICKJNKEE@SetupDirectInput?3?5done?4?$AN?6?$AA@ 10032d48     HotKeys.obj
 0003:00002d68       ??_C@_0EB@BJNHNKLB@SetupDirectInput?3?5lookup?5for?5Dir@ 10032d68     HotKeys.obj
 0003:00002db8       ??_C@_0BD@IJCCAMHG@DirectInput8Create?$AA@ 10032db8     HotKeys.obj
 0003:00002dd0       ??_C@_0CH@DGEMOGOP@SetupDirectInput?3?5using?5DirectIn@ 10032dd0     HotKeys.obj
 0003:00002e00       ??_C@_0M@ONOEDIJO@dinput8?4dll?$AA@ 10032e00     HotKeys.obj
 0003:00002e10       ??_C@_0DL@BBOGBFHH@TaksiPresent?3?5s_lpDIDevice?9?$DOSetD@ 10032e10     HotKeys.obj
 0003:00002e58       ??_C@_0DE@CMNGJMCB@TaksiPresent?3?5s_lpDI?9?$DOCreateDevi@ 10032e58     HotKeys.obj
 0003:00002e98       ??_C@_0CC@LCENJNIH@DirectInput8Create?5failed?4?50x?$CFx?$AN@ 10032e98     HotKeys.obj
 0003:00002ec0       ??_C@_0BF@OIFMIDKG@s_DirectInput8Create?$AA@ 10032ec0     HotKeys.obj
[...]
 0005:000006d0       __imp__HeapAlloc@12        1003c6d0     kernel32:KERNEL32.dll
 0005:000006d4       __imp__WaitForSingleObject@8 1003c6d4     kernel32:KERNEL32.dll
 0005:000006d8       __imp__HeapFree@12         1003c6d8     kernel32:KERNEL32.dll
 0005:000006dc       __imp__lstrcpynA@12        1003c6dc     kernel32:KERNEL32.dll
 0005:000006e0       __imp__QueryPerformanceFrequency@4 1003c6e0     kernel32:KERNEL32.dll
 0005:000006e4       \177KERNEL32_NULL_THUNK_DATA 1003c6e4     kernel32:KERNEL32.dll
 0005:00000738       __imp____CppXcptFilter     1003c738     MSVCRTD:MSVCR100D.dll
 0005:0000073c       __imp___amsg_exit          1003c73c     MSVCRTD:MSVCR100D.dll
 0005:00000740       __imp___initterm_e         1003c740     MSVCRTD:MSVCR100D.dll
 0005:00000744       __imp___initterm           1003c744     MSVCRTD:MSVCR100D.dll
 0005:00000748       __imp___crt_debugger_hook  1003c748     MSVCRTD:MSVCR100D.dll
 0005:0000074c       __imp_?_type_info_dtor_internal_method@type_info@@QAEXXZ 1003c74c     MSVCRTD:MSVCR100D.dll
 0005:00000750       __imp____clean_type_info_names_internal 1003c750     MSVCRTD:MSVCR100D.dll
 0005:00000754       __imp___except_handler4_common 1003c754     MSVCRTD:MSVCR100D.dll
 0005:00000758       __imp___CrtSetCheckCount   1003c758     MSVCRTD:MSVCR100D.dll
 0005:0000075c       __imp___encoded_null       1003c75c     MSVCRTD:MSVCR100D.dll
 0005:00000760       __imp___free_dbg           1003c760     MSVCRTD:MSVCR100D.dll
 0005:00000764       __imp___malloc_dbg         1003c764     MSVCRTD:MSVCR100D.dll
 0005:00000768       __imp___onexit             1003c768     MSVCRTD:MSVCR100D.dll
 0005:0000076c       __imp___lock               1003c76c     MSVCRTD:MSVCR100D.dll
 0005:00000770       __imp____dllonexit         1003c770     MSVCRTD:MSVCR100D.dll
 0005:00000774       __imp___unlock             1003c774     MSVCRTD:MSVCR100D.dll
 0005:00000778       __imp_?terminate@@YAXXZ    1003c778     MSVCRTD:MSVCR100D.dll
 0005:0000077c       __imp___CRT_RTC_INITW      1003c77c     MSVCRTD:MSVCR100D.dll
 0005:00000780       __imp_??_V@YAXPAX@Z        1003c780     MSVCRTD:MSVCR100D.dll
 0005:00000784       __imp_??3@YAXPAX@Z         1003c784     MSVCRTD:MSVCR100D.dll
 0005:00000788       __imp___wassert            1003c788     MSVCRTD:MSVCR100D.dll
 0005:0000078c       __imp___purecall           1003c78c     MSVCRTD:MSVCR100D.dll
 0005:00000790       __imp___mbschr             1003c790     MSVCRTD:MSVCR100D.dll
 0005:00000794       __imp___mbslwr             1003c794     MSVCRTD:MSVCR100D.dll
 0005:00000798       __imp__fprintf             1003c798     MSVCRTD:MSVCR100D.dll
 0005:0000079c       __imp__strstr              1003c79c     MSVCRTD:MSVCR100D.dll
 0005:000007a0       __imp__fopen               1003c7a0     MSVCRTD:MSVCR100D.dll
 0005:000007a4       __imp__fgets               1003c7a4     MSVCRTD:MSVCR100D.dll
 0005:000007a8       __imp__feof                1003c7a8     MSVCRTD:MSVCR100D.dll
 0005:000007ac       __imp__fclose              1003c7ac     MSVCRTD:MSVCR100D.dll
 0005:000007b0       __imp__sscanf              1003c7b0     MSVCRTD:MSVCR100D.dll
 0005:000007b4       __imp__strtol              1003c7b4     MSVCRTD:MSVCR100D.dll
 0005:000007b8       __imp__atoi                1003c7b8     MSVCRTD:MSVCR100D.dll
 0005:000007bc       __imp___mbsstr             1003c7bc     MSVCRTD:MSVCR100D.dll
 0005:000007c0       __imp___mbsnbcpy           1003c7c0     MSVCRTD:MSVCR100D.dll
 0005:000007c4       __imp__strchr              1003c7c4     MSVCRTD:MSVCR100D.dll
 0005:000007c8       __imp__strncpy             1003c7c8     MSVCRTD:MSVCR100D.dll
 0005:000007cc       __imp__atof                1003c7cc     MSVCRTD:MSVCR100D.dll
 0005:000007d0       __imp___snprintf           1003c7d0     MSVCRTD:MSVCR100D.dll
 0005:000007d4       __imp__memcpy              1003c7d4     MSVCRTD:MSVCR100D.dll
 0005:000007d8       __imp__memset              1003c7d8     MSVCRTD:MSVCR100D.dll
 0005:000007dc       __imp____CxxFrameHandler3  1003c7dc     MSVCRTD:MSVCR100D.dll
 0005:000007e0       __imp__strnicmp            1003c7e0     MSVCRTD:MSVCR100D.dll
 0005:000007e0       __imp___strnicmp           1003c7e0     MSVCRTD:MSVCR100D.dll
 0005:000007e4       \177MSVCR100D_NULL_THUNK_DATA 1003c7e4     MSVCRTD:MSVCR100D.dll
 0005:00000830       __imp_?AttachData@CWaveHeaderBase@@QAEXPADK@Z 1003c830     TaksiCommon:TaksiCommon.dll
 0005:00000834       __imp_?CvtBlocksToBytes@CWaveFormat@@QBEKK@Z 1003c834     TaksiCommon:TaksiCommon.dll
 0005:00000838       __imp_?CvtmSecToBlocks@CWaveFormat@@QBEKK@Z 1003c838     TaksiCommon:TaksiCommon.dll
 0005:0000083c       __imp_?IsValidFormat@CWaveFormat@@QBE_NXZ 1003c83c     TaksiCommon:TaksiCommon.dll
 0005:00000840       __imp_?DetachData@CWaveHeaderBase@@QAEXXZ 1003c840     TaksiCommon:TaksiCommon.dll
 0005:00000844       __imp_?CloseHandle@CNTHandle@@QAE_NXZ 1003c844     TaksiCommon:TaksiCommon.dll
 0005:00000848       __imp_?HRes_GetLastErrorDef@@YAJJ@Z 1003c848     TaksiCommon:TaksiCommon.dll
 0005:0000084c       __imp_?AttachHandle@CNTHandle@@QAEXPAX@Z 1003c84c     TaksiCommon:TaksiCommon.dll
 0005:00000850       __imp_??0CAVIFile@@QAE@XZ  1003c850     TaksiCommon:TaksiCommon.dll
 0005:00000854       __imp_??1CAVIFile@@QAE@XZ  1003c854     TaksiCommon:TaksiCommon.dll
 0005:00000858       __imp_?InitFormatEmpty@CWaveFormat@@QAEXXZ 1003c858     TaksiCommon:TaksiCommon.dll
 0005:0000085c       __imp_?InitCodec@CVideoCodec@@QAEXXZ 1003c85c     TaksiCommon:TaksiCommon.dll
 0005:00000860       __imp_?SetFormat@CWaveFormat@@QAE_NPBUtWAVEFORMATEX@@@Z 1003c860     TaksiCommon:TaksiCommon.dll
 0005:00000864       __imp_??BCWaveFormat@@QBEPBUtWAVEFORMATEX@@XZ 1003c864     TaksiCommon:TaksiCommon.dll
 0005:00000868       __imp_?CopyCodec@CVideoCodec@@QAEXABU1@@Z 1003c868     TaksiCommon:TaksiCommon.dll
 0005:0000086c       __imp_?CreateDirectoryX@@YAJPBD@Z 1003c86c     TaksiCommon:TaksiCommon.dll
 0005:00000870       __imp_?GetFileTitlePtr@@YAPADPAD@Z 1003c870     TaksiCommon:TaksiCommon.dll
 0005:00000874       __imp_?PropsInit@CIniObject@@QAEXXZ 1003c874     TaksiCommon:TaksiCommon.dll
 0005:00000878       __imp_??0CIniObject@@QAE@XZ 1003c878     TaksiCommon:TaksiCommon.dll
 0005:0000087c       __imp_?DestroyCodec@CVideoCodec@@QAEXXZ 1003c87c     TaksiCommon:TaksiCommon.dll
 0005:00000880       __imp_?Mem_ConvertToString@@YAHPADHPBEH@Z 1003c880     TaksiCommon:TaksiCommon.dll
 0005:00000884       __imp_?get_WF@CWaveFormat@@QBEPAUtWAVEFORMATEX@@XZ 1003c884     TaksiCommon:TaksiCommon.dll
 0005:00000888       __imp_?OnHeaderReturn@CWaveDevice@@SGPAVCWaveHeaderBase@@PAUwavehdr_tag@@@Z 1003c888     TaksiCommon:TaksiCommon.dll
 0005:0000088c       __imp_?GetStr@CVideoCodec@@QBEHPADH@Z 1003c88c     TaksiCommon:TaksiCommon.dll
 0005:00000890       __imp_?SetFormatBytes@CWaveFormat@@QAE_NPBEH@Z 1003c890     TaksiCommon:TaksiCommon.dll
 0005:00000894       __imp_?Mem_ReadFromString@@YAHPAEHPBD@Z 1003c894     TaksiCommon:TaksiCommon.dll
 0005:00000898       __imp_?put_Str@CVideoCodec@@QAE_NPBD@Z 1003c898     TaksiCommon:TaksiCommon.dll
 0005:0000089c       __imp_?PropSetName@CIniObject@@QAE_NPBD0@Z 1003c89c     TaksiCommon:TaksiCommon.dll
 0005:000008a0       __imp_?Str_SkipSpace@@YAPADPBD@Z 1003c8a0     TaksiCommon:TaksiCommon.dll
 0005:000008a4       __imp_?PropWriteName@CIniObject@@QAE_NPAU_iobuf@@PBD@Z 1003c8a4     TaksiCommon:TaksiCommon.dll
 0005:000008a8       __imp_?Str_IsSpace@@YA_ND@Z 1003c8a8     TaksiCommon:TaksiCommon.dll
 0005:000008ac       __imp_?PropsWrite@CIniObject@@QAEXPAU_iobuf@@@Z 1003c8ac     TaksiCommon:TaksiCommon.dll
 0005:000008b0       __imp_?DetachGDIPInt@CImageGDIPInt@@QAEXXZ 1003c8b0     TaksiCommon:TaksiCommon.dll
 0005:000008b4       __imp_?SetupBITMAPINFOHEADER@CVideoFrame@@QBEXAAUtagBITMAPINFOHEADER@@@Z 1003c8b4     TaksiCommon:TaksiCommon.dll
 0005:000008b8       __imp_?GetEncoderClsid@CImageGDIPInt@@QAEJPBDPAU_GUID@@@Z 1003c8b8     TaksiCommon:TaksiCommon.dll
 0005:000008bc       __imp_?AttachGDIPInt@CImageGDIPInt@@QAE_NXZ 1003c8bc     TaksiCommon:TaksiCommon.dll
 0005:000008c0       __imp_?g_gdiplus@@3VCImageGDIPInt@@A 1003c8c0     TaksiCommon:TaksiCommon.dll
 0005:000008c4       __imp_?SaveAsBMP@CVideoFrame@@QBEJPBD@Z 1003c8c4     TaksiCommon:TaksiCommon.dll
 0005:000008c8       __imp_?AllocPadXY@CVideoFrame@@QAE_NHHHH@Z 1003c8c8     TaksiCommon:TaksiCommon.dll
 0005:000008cc       __imp_?CloseAVI@CAVIFile@@QAEJ_N@Z 1003c8cc     TaksiCommon:TaksiCommon.dll
 0005:000008d0       __imp_?OpenAVIFile@CAVIFile@@QAEJPBD@Z 1003c8d0     TaksiCommon:TaksiCommon.dll
 0005:000008d4       __imp_?OpenAVICodec@CAVIFile@@QAEJAAUCVideoFrameForm@@NABUCVideoCodec@@PBVCWaveFormat@@@Z 1003c8d4     TaksiCommon:TaksiCommon.dll
 0005:000008d8       __imp_?InitPadded@CVideoFrameForm@@QAEXHHHH@Z 1003c8d8     TaksiCommon:TaksiCommon.dll
 0005:000008dc       __imp_??0CVideoFrameForm@@QAE@XZ 1003c8dc     TaksiCommon:TaksiCommon.dll
 0005:000008e0       __imp_?IsValidDll@CDllFile@@QBE_NXZ 1003c8e0     TaksiCommon:TaksiCommon.dll
 0005:000008e4       __imp_?FindDll@CDllFile@@QAE_NPBD@Z 1003c8e4     TaksiCommon:TaksiCommon.dll
 0005:000008e8       __imp_?SwapReset@CHookJump@@QAEXPAX@Z 1003c8e8     TaksiCommon:TaksiCommon.dll
 0005:000008ec       __imp_?SwapOld@CHookJump@@QAEXPAX@Z 1003c8ec     TaksiCommon:TaksiCommon.dll
 0005:000008f0       __imp_?RemoveHook@CHookJump@@QAEXPAX@Z 1003c8f0     TaksiCommon:TaksiCommon.dll
 0005:000008f4       __imp_?IsHookInstalled@CHookJump@@QBE_NXZ 1003c8f4     TaksiCommon:TaksiCommon.dll
 0005:000008f8       __imp_??0CHookJump@@QAE@XZ 1003c8f8     TaksiCommon:TaksiCommon.dll
 0005:000008fc       __imp_??0CDllFile@@QAE@PAUHINSTANCE__@@_N@Z 1003c8fc     TaksiCommon:TaksiCommon.dll
 0005:00000900       __imp_?FreeDll@CDllFile@@QAEXXZ 1003c900     TaksiCommon:TaksiCommon.dll
 0005:00000904       __imp_??1CDllFile@@QAE@XZ  1003c904     TaksiCommon:TaksiCommon.dll
 0005:00000908       __imp_?InstallHook@CHookJump@@QAE_NPAX0@Z 1003c908     TaksiCommon:TaksiCommon.dll
 0005:0000090c       __imp_?get_DllInt@CDllFile@@QBEIXZ 1003c90c     TaksiCommon:TaksiCommon.dll
 0005:00000910       __imp_??BCWndDC@@QBEPAUHDC__@@XZ 1003c910     TaksiCommon:TaksiCommon.dll
 0005:00000914       __imp_?get_HBrush@CWndGDI@@QBEPAUHBRUSH__@@XZ 1003c914     TaksiCommon:TaksiCommon.dll
 0005:00000918       __imp_??1CWndGDI@@QAE@XZ   1003c918     TaksiCommon:TaksiCommon.dll
 0005:0000091c       __imp_?CreateSolidBrush@CWndGDI@@QAEPAUHBRUSH__@@K@Z 1003c91c     TaksiCommon:TaksiCommon.dll
 0005:00000920       __imp_??0CWndGDI@@QAE@PAX@Z 1003c920     TaksiCommon:TaksiCommon.dll
 0005:00000924       __imp_??1CWndDC@@QAE@XZ    1003c924     TaksiCommon:TaksiCommon.dll
 0005:00000928       __imp_?GetDCEx@CWndDC@@QAE_NPAUHWND__@@K@Z 1003c928     TaksiCommon:TaksiCommon.dll
 0005:0000092c       __imp_??0CWndDC@@QAE@PAUHDC__@@PAUHWND__@@@Z 1003c92c     TaksiCommon:TaksiCommon.dll
 0005:00000930       __imp_?GetObjectA@CWndGDI@@QBEHHPAX@Z 1003c930     TaksiCommon:TaksiCommon.dll
 0005:00000934       __imp_??1CWndGDISelect@@QAE@XZ 1003c934     TaksiCommon:TaksiCommon.dll
 0005:00000938       __imp_??0CWndGDISelect@@QAE@PAUHDC__@@PAX@Z 1003c938     TaksiCommon:TaksiCommon.dll
 0005:0000093c       __imp_??BCWndGDI@@QBEPAXXZ 1003c93c     TaksiCommon:TaksiCommon.dll
 0005:00000940       __imp_?get_HBitmap@CWndGDI@@QBEPAUHBITMAP__@@XZ 1003c940     TaksiCommon:TaksiCommon.dll
 0005:00000944       __imp_?CreateCompatibleBitmap@CWndDC@@QAEPAUHBITMAP__@@HH@Z 1003c944     TaksiCommon:TaksiCommon.dll
 0005:00000948       __imp_?CreateCompatibleDC@CWndDC@@QAE_NPAUHDC__@@@Z 1003c948     TaksiCommon:TaksiCommon.dll
 0005:0000094c       __imp_?GetDC@CWndDC@@QAE_NPAUHWND__@@@Z 1003c94c     TaksiCommon:TaksiCommon.dll
 0005:00000950       __imp_?GetProcAddress@CDllFile@@QBEP6GHXZPBD@Z 1003c950     TaksiCommon:TaksiCommon.dll
 0005:00000954       __imp_?VerifyHook@CHookJump@@QBE_NQAX@Z 1003c954     TaksiCommon:TaksiCommon.dll
 0005:00000958       __imp_?FreeFrame@CVideoFrame@@QAEXXZ 1003c958     TaksiCommon:TaksiCommon.dll
 0005:0000095c       __imp_?LoadDll@CDllFile@@QAEJPBD@Z 1003c95c     TaksiCommon:TaksiCommon.dll
 0005:00000960       __imp_??0CIniObject@@QAE@ABU0@@Z 1003c960     TaksiCommon:TaksiCommon.dll
 0005:00000964       __imp_??4CIniObject@@QAEAAU0@ABU0@@Z 1003c964     TaksiCommon:TaksiCommon.dll
 0005:00000968       __imp_??1CLogFiltered@@UAE@XZ 1003c968     TaksiCommon:TaksiCommon.dll
 0005:0000096c       __imp_??0CLogFiltered@@QAE@KW4LOGL_TYPE@@@Z 1003c96c     TaksiCommon:TaksiCommon.dll
 0005:00000970       __imp_?IsLogged@CLogFiltered@@UBE_NKW4LOGL_TYPE@@@Z 1003c970     TaksiCommon:TaksiCommon.dll
 0005:00000974       __imp_?VEvent@CLogBase@@UAEHKW4LOGL_TYPE@@PBDPAD@Z 1003c974     TaksiCommon:TaksiCommon.dll
 0005:00000978       __imp_??0CLogFiltered@@QAE@ABV0@@Z 1003c978     TaksiCommon:TaksiCommon.dll
 0005:0000097c       __imp_??4CLogFiltered@@QAEAAV0@ABV0@@Z 1003c97c     TaksiCommon:TaksiCommon.dll
 0005:00000980       __imp_?EventStr@CLogBase@@UAEHKW4LOGL_TYPE@@PBD@Z 1003c980     TaksiCommon:TaksiCommon.dll
 0005:00000984       __imp_?FindWindowTop@@YAPAUHWND__@@PAU1@@Z 1003c984     TaksiCommon:TaksiCommon.dll
 0005:00000988       __imp_?IsOpen@CAVIFile@@QBE_NXZ 1003c988     TaksiCommon:TaksiCommon.dll
 0005:0000098c       __imp_?get_wh@CWaveHeaderBase@@QBEPAUwavehdr_tag@@XZ 1003c98c     TaksiCommon:TaksiCommon.dll
 0005:00000990       __imp_?UnprepareDevice@CWaveHeaderBase@@QAEXXZ 1003c990     TaksiCommon:TaksiCommon.dll
 0005:00000994       __imp_?Inc@CThreadLockedLong@@QAEJXZ 1003c994     TaksiCommon:TaksiCommon.dll
 0005:00000998       __imp_?get_SizeBytes@CVideoFrameForm@@QBEHXZ 1003c998     TaksiCommon:TaksiCommon.dll
 0005:0000099c       __imp_?AllocForm@CVideoFrame@@QAE_NABUCVideoFrameForm@@@Z 1003c99c     TaksiCommon:TaksiCommon.dll
 0005:000009a0       __imp_?ResetAVIFile@CAVIFile@@QAEJPBD@Z 1003c9a0     TaksiCommon:TaksiCommon.dll
 0005:000009a4       __imp_?IsValidHandle@CNTHandle@@QBE_NXZ 1003c9a4     TaksiCommon:TaksiCommon.dll
 0005:000009a8       __imp_?IsValidFrame@CVideoFrame@@QBE_NXZ 1003c9a8     TaksiCommon:TaksiCommon.dll
 0005:000009ac       __imp_?WriteVideoBlocks@CAVIFile@@QAEJAAUCVideoFrame@@H@Z 1003c9ac     TaksiCommon:TaksiCommon.dll
 0005:000009b0       __imp_?get_Handle@CWaveRecorder@@QBEPAUHWAVEIN__@@XZ 1003c9b0     TaksiCommon:TaksiCommon.dll
 0005:000009b4       __imp_?GetAudioTimeMs@CAVIFile@@QBEKXZ 1003c9b4     TaksiCommon:TaksiCommon.dll
 0005:000009b8       __imp_?GetFrameTimeMs@CAVIFile@@QBEKXZ 1003c9b8     TaksiCommon:TaksiCommon.dll
 0005:000009bc       __imp_?GetAudioBytesForMs@CAVIFile@@QBEKK@Z 1003c9bc     TaksiCommon:TaksiCommon.dll
 0005:000009c0       __imp_?WriteAudioBlock@CAVIFile@@QAEJPBEK@Z 1003c9c0     TaksiCommon:TaksiCommon.dll
 0005:000009c4       __imp_?Dec@CThreadLockedLong@@QAEJXZ 1003c9c4     TaksiCommon:TaksiCommon.dll
 0005:000009c8       __imp_??BCNTHandle@@QBEPAXXZ 1003c9c8     TaksiCommon:TaksiCommon.dll
 0005:000009cc       __imp_?Debug_Error@CLogBase@@QAAHPBDZZ 1003c9cc     TaksiCommon:TaksiCommon.dll
 0005:000009d0       __imp_?Exchange@CThreadLockedLong@@QAEJJ@Z 1003c9d0     TaksiCommon:TaksiCommon.dll
 0005:000009d4       __imp_??1CVideoFrame@@QAE@XZ 1003c9d4     TaksiCommon:TaksiCommon.dll
 0005:000009d8       __imp_??0CVideoFrame@@QAE@XZ 1003c9d8     TaksiCommon:TaksiCommon.dll
 0005:000009dc       __imp_??0CNTHandle@@QAE@PAX@Z 1003c9dc     TaksiCommon:TaksiCommon.dll
 0005:000009e0       __imp_??0CThreadLockedLong@@QAE@J@Z 1003c9e0     TaksiCommon:TaksiCommon.dll
 0005:000009e4       __imp_??0CWaveRecorder@@QAE@I@Z 1003c9e4     TaksiCommon:TaksiCommon.dll
 0005:000009e8       __imp_??1CWaveHeaderBase@@QAE@XZ 1003c9e8     TaksiCommon:TaksiCommon.dll
 0005:000009ec       __imp_??_FCWaveHeaderBase@@QAEXXZ 1003c9ec     TaksiCommon:TaksiCommon.dll
 0005:000009f0       __imp_??1CNTHandle@@QAE@XZ 1003c9f0     TaksiCommon:TaksiCommon.dll
 0005:000009f4       __imp_??1CWaveRecorder@@QAE@XZ 1003c9f4     TaksiCommon:TaksiCommon.dll
 0005:000009f8       __imp_?GetPerformanceCounter@@YA_JXZ 1003c9f8     TaksiCommon:TaksiCommon.dll
 0005:000009fc       __imp_?Debug_Trace@CLogBase@@QAAHPBDZZ 1003c9fc     TaksiCommon:TaksiCommon.dll
 0005:00000a00       __imp_?g_pLog@@3PAVCLogBase@@A 1003ca00     TaksiCommon:TaksiCommon.dll
 0005:00000a04       __imp_?Assert_CheckFail@CLogBase@@QAEXPBD0I@Z 1003ca04     TaksiCommon:TaksiCommon.dll
 0005:00000a08       __imp_?Debug_Info@CLogBase@@QAAHPBDZZ 1003ca08     TaksiCommon:TaksiCommon.dll
 0005:00000a0c       __imp_?Debug_Warn@CLogBase@@QAAHPBDZZ 1003ca0c     TaksiCommon:TaksiCommon.dll
 0005:00000a10       __imp_?get_FormatSize@CWaveFormat@@QBEHXZ 1003ca10     TaksiCommon:TaksiCommon.dll
 0005:00000a14       \177TaksiCommon_NULL_THUNK_DATA 1003ca14     TaksiCommon:TaksiCommon.dll
 0005:00000aa0       __imp__PostMessageA@16     1003caa0     user32:USER32.dll
 0005:00000aa4       __imp__CallNextHookEx@16   1003caa4     user32:USER32.dll
 0005:00000aa8       __imp__UnhookWindowsHookEx@4 1003caa8     user32:USER32.dll
 0005:00000aac       __imp__GetWindowThreadProcessId@8 1003caac     user32:USER32.dll
 0005:00000ab0       __imp__SetWindowsHookExA@16 1003cab0     user32:USER32.dll
 0005:00000ab4       __imp__MapVirtualKeyA@8    1003cab4     user32:USER32.dll
 0005:00000ab8       __imp__WindowFromDC@4      1003cab8     user32:USER32.dll
 0005:00000abc       __imp__KillTimer@8         1003cabc     user32:USER32.dll
 0005:00000ac0       __imp__InvalidateRect@12   1003cac0     user32:USER32.dll
 0005:00000ac4       __imp__IsWindowVisible@4   1003cac4     user32:USER32.dll
 0005:00000ac8       __imp__GetWindowLongA@8    1003cac8     user32:USER32.dll
 0005:00000acc       __imp__SetWindowLongA@12   1003cacc     user32:USER32.dll
 0005:00000ad0       __imp__SetTimer@16         1003cad0     user32:USER32.dll
 0005:00000ad4       __imp__CallWindowProcA@20  1003cad4     user32:USER32.dll
 0005:00000ad8       __imp__GetCursorPos@4      1003cad8     user32:USER32.dll
 0005:00000adc       __imp__GetCursor@0         1003cadc     user32:USER32.dll
 0005:00000ae0       __imp__GetIconInfo@8       1003cae0     user32:USER32.dll
 0005:00000ae4       __imp__DrawIcon@16         1003cae4     user32:USER32.dll
 0005:00000ae8       __imp__GetWindowRect@8     1003cae8     user32:USER32.dll
 0005:00000aec       __imp__GetClientRect@8     1003caec     user32:USER32.dll
 0005:00000af0       __imp__ClientToScreen@8    1003caf0     user32:USER32.dll
 0005:00000af4       __imp__FillRect@12         1003caf4     user32:USER32.dll
 0005:00000af8       __imp__IsWindow@4          1003caf8     user32:USER32.dll
 0005:00000afc       \177USER32_NULL_THUNK_DATA 1003cafc     user32:USER32.dll
 0006:00000000       __DELAY_IMPORT_DESCRIPTOR_gdiplus_dll 1003f000     gdiplus:gdiplus.dll
 0006:00000020       __NULL_DELAY_IMPORT_DESCRIPTOR 1003f020     gdiplus:gdiplus.dll
 0006:00000058       \177gdiplus_NULL_THUNK_DATA_DLN 1003f058     gdiplus:gdiplus.dll
 0006:00000088       __imp__GdipFree@4          1003f088     gdiplus:gdiplus.dll
 0006:0000008c       __imp__GdipAlloc@4         1003f08c     gdiplus:gdiplus.dll
 0006:00000090       __imp__GdipCreateBitmapFromGdiDib@12 1003f090     gdiplus:gdiplus.dll
 0006:00000094       __imp__GdipDisposeImage@4  1003f094     gdiplus:gdiplus.dll
 0006:00000098       __imp__GdipCloneImage@8    1003f098     gdiplus:gdiplus.dll
 0006:0000009c       __imp__GdipSaveImageToFile@16 1003f09c     gdiplus:gdiplus.dll
 0006:000000a0       \177gdiplus_NULL_THUNK_DATA_DLA 1003f0a0     gdiplus:gdiplus.dll
 0006:00000254       \177gdiplus_NULL_THUNK_DATA_DLB 1003f254     gdiplus:gdiplus.dll
 0007:00000000       ?sg_Shared@@3UCTaksiShared@@A 10040000     TaksiDll.obj
 0007:00000138       ?sg_Config@@3UCTaksiConfigData@@A 10040138     TaksiDll.obj
 0007:00000410       ?sg_ProcStats@@3UCTaksiProcStats@@A 10040410     TaksiDll.obj

 entry point at        0002:00000613

